Archive member included to satisfy reference by file (symbol)

C:/ST/STM32CubeIDE_1.15.1/STM32CubeIDE/plugins/com.st.stm32cube.ide.mcu.externaltools.gnu-tools-for-stm32.12.3.rel1.win32_1.0.100.202403111256/tools/bin/../lib/gcc/arm-none-eabi/12.3.1/../../../../arm-none-eabi/lib/thumb/v7-m/nofp\libc_nano.a(libc_a-exit.o)
                              C:/ST/STM32CubeIDE_1.15.1/STM32CubeIDE/plugins/com.st.stm32cube.ide.mcu.externaltools.gnu-tools-for-stm32.12.3.rel1.win32_1.0.100.202403111256/tools/bin/../lib/gcc/arm-none-eabi/12.3.1/../../../../arm-none-eabi/lib/thumb/v7-m/nofp/crt0.o (exit)
C:/ST/STM32CubeIDE_1.15.1/STM32CubeIDE/plugins/com.st.stm32cube.ide.mcu.externaltools.gnu-tools-for-stm32.12.3.rel1.win32_1.0.100.202403111256/tools/bin/../lib/gcc/arm-none-eabi/12.3.1/../../../../arm-none-eabi/lib/thumb/v7-m/nofp\libc_nano.a(libc_a-findfp.o)
                              C:/ST/STM32CubeIDE_1.15.1/STM32CubeIDE/plugins/com.st.stm32cube.ide.mcu.externaltools.gnu-tools-for-stm32.12.3.rel1.win32_1.0.100.202403111256/tools/bin/../lib/gcc/arm-none-eabi/12.3.1/../../../../arm-none-eabi/lib/thumb/v7-m/nofp\libc_nano.a(libc_a-exit.o) (__stdio_exit_handler)
C:/ST/STM32CubeIDE_1.15.1/STM32CubeIDE/plugins/com.st.stm32cube.ide.mcu.externaltools.gnu-tools-for-stm32.12.3.rel1.win32_1.0.100.202403111256/tools/bin/../lib/gcc/arm-none-eabi/12.3.1/../../../../arm-none-eabi/lib/thumb/v7-m/nofp\libc_nano.a(libc_a-fwalk.o)
                              C:/ST/STM32CubeIDE_1.15.1/STM32CubeIDE/plugins/com.st.stm32cube.ide.mcu.externaltools.gnu-tools-for-stm32.12.3.rel1.win32_1.0.100.202403111256/tools/bin/../lib/gcc/arm-none-eabi/12.3.1/../../../../arm-none-eabi/lib/thumb/v7-m/nofp\libc_nano.a(libc_a-findfp.o) (_fwalk_sglue)
C:/ST/STM32CubeIDE_1.15.1/STM32CubeIDE/plugins/com.st.stm32cube.ide.mcu.externaltools.gnu-tools-for-stm32.12.3.rel1.win32_1.0.100.202403111256/tools/bin/../lib/gcc/arm-none-eabi/12.3.1/../../../../arm-none-eabi/lib/thumb/v7-m/nofp\libc_nano.a(libc_a-stdio.o)
                              C:/ST/STM32CubeIDE_1.15.1/STM32CubeIDE/plugins/com.st.stm32cube.ide.mcu.externaltools.gnu-tools-for-stm32.12.3.rel1.win32_1.0.100.202403111256/tools/bin/../lib/gcc/arm-none-eabi/12.3.1/../../../../arm-none-eabi/lib/thumb/v7-m/nofp\libc_nano.a(libc_a-findfp.o) (__sread)
C:/ST/STM32CubeIDE_1.15.1/STM32CubeIDE/plugins/com.st.stm32cube.ide.mcu.externaltools.gnu-tools-for-stm32.12.3.rel1.win32_1.0.100.202403111256/tools/bin/../lib/gcc/arm-none-eabi/12.3.1/../../../../arm-none-eabi/lib/thumb/v7-m/nofp\libc_nano.a(libc_a-memset.o)
                              C:/ST/STM32CubeIDE_1.15.1/STM32CubeIDE/plugins/com.st.stm32cube.ide.mcu.externaltools.gnu-tools-for-stm32.12.3.rel1.win32_1.0.100.202403111256/tools/bin/../lib/gcc/arm-none-eabi/12.3.1/../../../../arm-none-eabi/lib/thumb/v7-m/nofp/crt0.o (memset)
C:/ST/STM32CubeIDE_1.15.1/STM32CubeIDE/plugins/com.st.stm32cube.ide.mcu.externaltools.gnu-tools-for-stm32.12.3.rel1.win32_1.0.100.202403111256/tools/bin/../lib/gcc/arm-none-eabi/12.3.1/../../../../arm-none-eabi/lib/thumb/v7-m/nofp\libc_nano.a(libc_a-closer.o)
                              C:/ST/STM32CubeIDE_1.15.1/STM32CubeIDE/plugins/com.st.stm32cube.ide.mcu.externaltools.gnu-tools-for-stm32.12.3.rel1.win32_1.0.100.202403111256/tools/bin/../lib/gcc/arm-none-eabi/12.3.1/../../../../arm-none-eabi/lib/thumb/v7-m/nofp\libc_nano.a(libc_a-stdio.o) (_close_r)
C:/ST/STM32CubeIDE_1.15.1/STM32CubeIDE/plugins/com.st.stm32cube.ide.mcu.externaltools.gnu-tools-for-stm32.12.3.rel1.win32_1.0.100.202403111256/tools/bin/../lib/gcc/arm-none-eabi/12.3.1/../../../../arm-none-eabi/lib/thumb/v7-m/nofp\libc_nano.a(libc_a-reent.o)
                              C:/ST/STM32CubeIDE_1.15.1/STM32CubeIDE/plugins/com.st.stm32cube.ide.mcu.externaltools.gnu-tools-for-stm32.12.3.rel1.win32_1.0.100.202403111256/tools/bin/../lib/gcc/arm-none-eabi/12.3.1/../../../../arm-none-eabi/lib/thumb/v7-m/nofp\libc_nano.a(libc_a-closer.o) (errno)
C:/ST/STM32CubeIDE_1.15.1/STM32CubeIDE/plugins/com.st.stm32cube.ide.mcu.externaltools.gnu-tools-for-stm32.12.3.rel1.win32_1.0.100.202403111256/tools/bin/../lib/gcc/arm-none-eabi/12.3.1/../../../../arm-none-eabi/lib/thumb/v7-m/nofp\libc_nano.a(libc_a-impure.o)
                              C:/ST/STM32CubeIDE_1.15.1/STM32CubeIDE/plugins/com.st.stm32cube.ide.mcu.externaltools.gnu-tools-for-stm32.12.3.rel1.win32_1.0.100.202403111256/tools/bin/../lib/gcc/arm-none-eabi/12.3.1/../../../../arm-none-eabi/lib/thumb/v7-m/nofp\libc_nano.a(libc_a-reent.o) (_impure_ptr)
C:/ST/STM32CubeIDE_1.15.1/STM32CubeIDE/plugins/com.st.stm32cube.ide.mcu.externaltools.gnu-tools-for-stm32.12.3.rel1.win32_1.0.100.202403111256/tools/bin/../lib/gcc/arm-none-eabi/12.3.1/../../../../arm-none-eabi/lib/thumb/v7-m/nofp\libc_nano.a(libc_a-lseekr.o)
[...]
Memory Configuration

Name             Origin             Length             Attributes
RAM              0x20000000         0x00005000         xrw
FLASH            0x08000000         0x00005000         xr
*default*        0x00000000         0xffffffff

Linker script and memory map

LOAD C:/ST/STM32CubeIDE_1.15.1/STM32CubeIDE/plugins/com.st.stm32cube.ide.mcu.externaltools.gnu-tools-for-stm32.12.3.rel1.win32_1.0.100.202403111256/tools/bin/../lib/gcc/arm-none-eabi/12.3.1/thumb/v7-m/nofp/crti.o
LOAD C:/ST/STM32CubeIDE_1.15.1/STM32CubeIDE/plugins/com.st.stm32cube.ide.mcu.externaltools.gnu-tools-for-stm32.12.3.rel1.win32_1.0.100.202403111256/tools/bin/../lib/gcc/arm-none-eabi/12.3.1/thumb/v7-m/nofp/crtbegin.o
LOAD C:/ST/STM32CubeIDE_1.15.1/STM32CubeIDE/plugins/com.st.stm32cube.ide.mcu.externaltools.gnu-tools-for-stm32.12.3.rel1.win32_1.0.100.202403111256/tools/bin/../lib/gcc/arm-none-eabi/12.3.1/../../../../arm-none-eabi/lib/thumb/v7-m/nofp/crt0.o
LOAD ./Core/Src/bootloader.o
LOAD ./Core/Src/main.o
LOAD ./Core/Src/stm32f1xx_hal_msp.o
LOAD ./Core/Src/stm32f1xx_it.o
LOAD ./Core/Src/syscalls.o
LOAD ./Core/Src/sysmem.o
LOAD ./Core/Src/system_stm32f1xx.o
LOAD ./Core/Startup/startup_stm32f103c8tx.o
LOAD ./Drivers/STM32F1xx_HAL_Driver/Src/stm32f1xx_hal.o
LOAD ./Drivers/STM32F1xx_HAL_Driver/Src/stm32f1xx_hal_cortex.o
LOAD ./Drivers/STM32F1xx_HAL_Driver/Src/stm32f1xx_hal_dma.o
LOAD ./Drivers/STM32F1xx_HAL_Driver/Src/stm32f1xx_hal_exti.o
LOAD ./Drivers/STM32F1xx_HAL_Driver/Src/stm32f1xx_hal_flash.o
LOAD ./Drivers/STM32F1xx_HAL_Driver/Src/stm32f1xx_hal_flash_ex.o
LOAD ./Drivers/STM32F1xx_HAL_Driver/Src/stm32f1xx_hal_gpio.o
LOAD ./Drivers/STM32F1xx_HAL_Driver/Src/stm32f1xx_hal_gpio_ex.o
LOAD ./Drivers/STM32F1xx_HAL_Driver/Src/stm32f1xx_hal_pcd.o
LOAD ./Drivers/STM32F1xx_HAL_Driver/Src/stm32f1xx_hal_pcd_ex.o
LOAD ./Drivers/STM32F1xx_HAL_Driver/Src/stm32f1xx_hal_pwr.o
LOAD ./Drivers/STM32F1xx_HAL_Driver/Src/stm32f1xx_hal_rcc.o
LOAD ./Drivers/STM32F1xx_HAL_Driver/Src/stm32f1xx_hal_rcc_ex.o
LOAD ./Drivers/STM32F1xx_HAL_Driver/Src/stm32f1xx_hal_tim.o
LOAD ./Drivers/STM32F1xx_HAL_Driver/Src/stm32f1xx_hal_tim_ex.o
LOAD ./Drivers/STM32F1xx_HAL_Driver/Src/stm32f1xx_ll_usb.o
LOAD ./Middlewares/ST/STM32_USB_Device_Library/Class/CDC/Src/usbd_cdc.o
LOAD ./Middlewares/ST/STM32_USB_Device_Library/Core/Src/usbd_core.o
LOAD ./Middlewares/ST/STM32_USB_Device_Library/Core/Src/usbd_ctlreq.o
LOAD ./Middlewares/ST/STM32_USB_Device_Library/Core/Src/usbd_ioreq.o
LOAD ./USB_DEVICE/App/usb_device.o
LOAD ./USB_DEVICE/App/usbd_cdc_if.o
LOAD ./USB_DEVICE/App/usbd_desc.o
LOAD ./USB_DEVICE/Target/usbd_conf.o
START GROUP
LOAD C:/ST/STM32CubeIDE_1.15.1/STM32CubeIDE/plugins/com.st.stm32cube.ide.mcu.externaltools.gnu-tools-for-stm32.12.3.rel1.win32_1.0.100.202403111256/tools/bin/../lib/gcc/arm-none-eabi/12.3.1/../../../../arm-none-eabi/lib/thumb/v7-m/nofp\libc_nano.a
LOAD C:/ST/STM32CubeIDE_1.15.1/STM32CubeIDE/plugins/com.st.stm32cube.ide.mcu.externaltools.gnu-tools-for-stm32.12.3.rel1.win32_1.0.100.202403111256/tools/bin/../lib/gcc/arm-none-eabi/12.3.1/../../../../arm-none-eabi/lib/thumb/v7-m/nofp\libm.a
END GROUP
START GROUP
LOAD C:/ST/STM32CubeIDE_1.15.1/STM32CubeIDE/plugins/com.st.stm32cube.ide.mcu.externaltools.gnu-tools-for-stm32.12.3.rel1.win32_1.0.100.202403111256/tools/bin/../lib/gcc/arm-none-eabi/12.3.1/thumb/v7-m/nofp\libgcc.a
LOAD C:/ST/STM32CubeIDE_1.15.1/STM32CubeIDE/plugins/com.st.stm32cube.ide.mcu.externaltools.gnu-tools-for-stm32.12.3.rel1.win32_1.0.100.202403111256/tools/bin/../lib/gcc/arm-none-eabi/12.3.1/../../../../arm-none-eabi/lib/thumb/v7-m/nofp\libc_nano.a
END GROUP
START GROUP
LOAD C:/ST/STM32CubeIDE_1.15.1/STM32CubeIDE/plugins/com.st.stm32cube.ide.mcu.externaltools.gnu-tools-for-stm32.12.3.rel1.win32_1.0.100.202403111256/tools/bin/../lib/gcc/arm-none-eabi/12.3.1/thumb/v7-m/nofp\libgcc.a
LOAD C:/ST/STM32CubeIDE_1.15.1/STM32CubeIDE/plugins/com.st.stm32cube.ide.mcu.externaltools.gnu-tools-for-stm32.12.3.rel1.win32_1.0.100.202403111256/tools/bin/../lib/gcc/arm-none-eabi/12.3.1/../../../../arm-none-eabi/lib/thumb/v7-m/nofp\libc_nano.a
LOAD C:/ST/STM32CubeIDE_1.15.1/STM32CubeIDE/plugins/com.st.stm32cube.ide.mcu.externaltools.gnu-tools-for-stm32.12.3.rel1.win32_1.0.100.202403111256/tools/bin/../lib/gcc/arm-none-eabi/12.3.1/../../../../arm-none-eabi/lib/thumb/v7-m/nofp\libnosys.a
END GROUP
START GROUP
LOAD C:/ST/STM32CubeIDE_1.15.1/STM32CubeIDE/plugins/com.st.stm32cube.ide.mcu.externaltools.gnu-tools-for-stm32.12.3.rel1.win32_1.0.100.202403111256/tools/bin/../lib/gcc/arm-none-eabi/12.3.1/thumb/v7-m/nofp\libgcc.a
LOAD C:/ST/STM32CubeIDE_1.15.1/STM32CubeIDE/plugins/com.st.stm32cube.ide.mcu.externaltools.gnu-tools-for-stm32.12.3.rel1.win32_1.0.100.202403111256/tools/bin/../lib/gcc/arm-none-eabi/12.3.1/../../../../arm-none-eabi/lib/thumb/v7-m/nofp\libc_nano.a
LOAD C:/ST/STM32CubeIDE_1.15.1/STM32CubeIDE/plugins/com.st.stm32cube.ide.mcu.externaltools.gnu-tools-for-stm32.12.3.rel1.win32_1.0.100.202403111256/tools/bin/../lib/gcc/arm-none-eabi/12.3.1/../../../../arm-none-eabi/lib/thumb/v7-m/nofp\libnosys.a
END GROUP
LOAD C:/ST/STM32CubeIDE_1.15.1/STM32CubeIDE/plugins/com.st.stm32cube.ide.mcu.externaltools.gnu-tools-for-stm32.12.3.rel1.win32_1.0.100.202403111256/tools/bin/../lib/gcc/arm-none-eabi/12.3.1/thumb/v7-m/nofp/crtend.o
LOAD C:/ST/STM32CubeIDE_1.15.1/STM32CubeIDE/plugins/com.st.stm32cube.ide.mcu.externaltools.gnu-tools-for-stm32.12.3.rel1.win32_1.0.100.202403111256/tools/bin/../lib/gcc/arm-none-eabi/12.3.1/thumb/v7-m/nofp/crtn.o
                0x20005000                        _estack = (ORIGIN (RAM) + LENGTH (RAM))
                0x00000200                        _Min_Heap_Size = 0x200
                0x00000400                        _Min_Stack_Size = 0x400

.isr_vector     0x08000000      0x10c
                0x08000000                        . = ALIGN (0x4)
 *(.isr_vector)
 .isr_vector    0x08000000      0x10c ./Core/Startup/startup_stm32f103c8tx.o
                0x08000000                g_pfnVectors
                0x0800010c                        . = ALIGN (0x4)

.text           0x0800010c     0x4a38
                0x0800010c                        . = ALIGN (0x4)
 *(.text)
 .text          0x0800010c       0x40 C:/ST/STM32CubeIDE_1.15.1/STM32CubeIDE/plugins/com.st.stm32cube.ide.mcu.externaltools.gnu-tools-for-stm32.12.3.rel1.win32_1.0.100.202403111256/tools/bin/../lib/gcc/arm-none-eabi/12.3.1/thumb/v7-m/nofp/crtbegin.o
 *(.text*)
 .text.readWord
                0x0800014c        0x4 ./Core/Src/bootloader.o
                0x0800014c                readWord
 .text.lockFlash
                0x08000150       0x34 ./Core/Src/bootloader.o
                0x08000150                lockFlash
 .text.deinitEverything
                0x08000184       0x6a ./Core/Src/bootloader.o
                0x08000184                deinitEverything
 .text.jumpToApp
                0x080001ee       0x14 ./Core/Src/bootloader.o
                0x080001ee                jumpToApp
 .text.string_compare
                0x08000202       0x44 ./Core/Src/bootloader.o
                0x08000202                string_compare
 .text.errorBlink
                0x08000246      0x172 ./Core/Src/bootloader.o
                0x08000246                errorBlink
 .text.bootloaderInit
                0x080003b8      0x13a ./Core/Src/bootloader.o
                0x080003b8                bootloaderInit
 .text.eraseMemory
                0x080004f2       0xaa ./Core/Src/bootloader.o
                0x080004f2                eraseMemory
 .text.unlockFlashAndEraseMemory
                0x0800059c       0x88 ./Core/Src/bootloader.o
                0x0800059c                unlockFlashAndEraseMemory
 .text.messageHandler
                0x08000624       0xd8 ./Core/Src/bootloader.o
                0x08000624                messageHandler
 .text.MX_GPIO_Init
                0x080006fc       0xce ./Core/Src/main.o
 .text.SystemClock_Config
                0x080007ca       0x6a ./Core/Src/main.o
                0x080007ca                SystemClock_Config
 .text.main     0x08000834       0x18 ./Core/Src/main.o
                0x08000834                main
 .text.Error_Handler
                0x0800084c        0x2 ./Core/Src/main.o
                0x0800084c                Error_Handler
 .text.HAL_MspInit
                0x0800084e       0x44 ./Core/Src/stm32f1xx_hal_msp.o
                0x0800084e                HAL_MspInit
 .text.NMI_Handler
                0x08000892        0x2 ./Core/Src/stm32f1xx_it.o
                0x08000892                NMI_Handler
 .text.HardFault_Handler
                0x08000894        0x2 ./Core/Src/stm32f1xx_it.o
                0x08000894                HardFault_Handler
 .text.MemManage_Handler
                0x08000896        0x2 ./Core/Src/stm32f1xx_it.o
                0x08000896                MemManage_Handler
 .text.BusFault_Handler
                0x08000898        0x2 ./Core/Src/stm32f1xx_it.o
                0x08000898                BusFault_Handler
 .text.UsageFault_Handler
                0x0800089a        0x2 ./Core/Src/stm32f1xx_it.o
                0x0800089a                UsageFault_Handler
 .text.SVC_Handler
                0x0800089c        0x2 ./Core/Src/stm32f1xx_it.o
                0x0800089c                SVC_Handler
 .text.DebugMon_Handler
                0x0800089e        0x2 ./Core/Src/stm32f1xx_it.o
                0x0800089e                DebugMon_Handler
 .text.PendSV_Handler
                0x080008a0        0x2 ./Core/Src/stm32f1xx_it.o
                0x080008a0                PendSV_Handler
 .text.SysTick_Handler
                0x080008a2        0x8 ./Core/Src/stm32f1xx_it.o
                0x080008a2                SysTick_Handler
 .text.USB_LP_CAN1_RX0_IRQHandler
                0x080008aa       0x10 ./Core/Src/stm32f1xx_it.o
                0x080008aa                USB_LP_CAN1_RX0_IRQHandler
 .text.SystemInit
                0x080008ba        0x2 ./Core/Src/system_stm32f1xx.o
                0x080008ba                SystemInit
 .text.Reset_Handler
                0x080008bc       0x48 ./Core/Startup/startup_stm32f103c8tx.o
                0x080008bc                Reset_Handler
 .text.Default_Handler
                0x08000904        0x2 ./Core/Startup/startup_stm32f103c8tx.o
                0x08000904                RTC_Alarm_IRQHandler
                0x08000904                EXTI2_IRQHandler
                0x08000904                TIM1_CC_IRQHandler
                0x08000904                PVD_IRQHandler
                0x08000904                EXTI3_IRQHandler
                0x08000904                EXTI0_IRQHandler
                0x08000904                I2C2_EV_IRQHandler
                0x08000904                ADC1_2_IRQHandler
                0x08000904                SPI1_IRQHandler
                0x08000904                TAMPER_IRQHandler
                0x08000904                DMA1_Channel4_IRQHandler
                0x08000904                USART3_IRQHandler
                0x08000904                RTC_IRQHandler
                0x08000904                DMA1_Channel7_IRQHandler
                0x08000904                CAN1_RX1_IRQHandler
                0x08000904                TIM4_IRQHandler
                0x08000904                I2C1_EV_IRQHandler
                0x08000904                DMA1_Channel6_IRQHandler
                0x08000904                TIM3_IRQHandler
                0x08000904                RCC_IRQHandler
                0x08000904                TIM1_TRG_COM_IRQHandler
                0x08000904                DMA1_Channel1_IRQHandler
                0x08000904                Default_Handler
                0x08000904                EXTI15_10_IRQHandler
                0x08000904                EXTI9_5_IRQHandler
                0x08000904                SPI2_IRQHandler
                0x08000904                DMA1_Channel5_IRQHandler
                0x08000904                EXTI4_IRQHandler
                0x08000904                USB_HP_CAN1_TX_IRQHandler
                0x08000904                DMA1_Channel3_IRQHandler
                0x08000904                TIM1_UP_IRQHandler
                0x08000904                WWDG_IRQHandler
                0x08000904                TIM2_IRQHandler
                0x08000904                TIM1_BRK_IRQHandler
                0x08000904                EXTI1_IRQHandler
                0x08000904                USART2_IRQHandler
                0x08000904                I2C2_ER_IRQHandler
                0x08000904                DMA1_Channel2_IRQHandler
                0x08000904                CAN1_SCE_IRQHandler
                0x08000904                FLASH_IRQHandler
                0x08000904                USART1_IRQHandler
                0x08000904                I2C1_ER_IRQHandler
                0x08000904                USBWakeUp_IRQHandler
 .text.HAL_MspDeInit
                0x08000906        0x2 ./Drivers/STM32F1xx_HAL_Driver/Src/stm32f1xx_hal.o
                0x08000906                HAL_MspDeInit
 .text.HAL_DeInit
                0x08000908       0x20 ./Drivers/STM32F1xx_HAL_Driver/Src/stm32f1xx_hal.o
                0x08000908                HAL_DeInit
 .text.HAL_InitTick
                0x08000928       0x50 ./Drivers/STM32F1xx_HAL_Driver/Src/stm32f1xx_hal.o
                0x08000928                HAL_InitTick
 .text.HAL_Init
                0x08000978       0x26 ./Drivers/STM32F1xx_HAL_Driver/Src/stm32f1xx_hal.o
                0x08000978                HAL_Init
 .text.HAL_IncTick
                0x0800099e       0x1a ./Drivers/STM32F1xx_HAL_Driver/Src/stm32f1xx_hal.o
                0x0800099e                HAL_IncTick
 .text.HAL_GetTick
                0x080009b8        0xc ./Drivers/STM32F1xx_HAL_Driver/Src/stm32f1xx_hal.o
                0x080009b8                HAL_GetTick
 .text.HAL_Delay
                0x080009c4       0x28 ./Drivers/STM32F1xx_HAL_Driver/Src/stm32f1xx_hal.o
                0x080009c4                HAL_Delay
 .text.__NVIC_DisableIRQ
                0x080009ec       0x26 ./Drivers/STM32F1xx_HAL_Driver/Src/stm32f1xx_hal_cortex.o
 .text.__NVIC_SetPriority
                0x08000a12       0x2c ./Drivers/STM32F1xx_HAL_Driver/Src/stm32f1xx_hal_cortex.o
 .text.NVIC_EncodePriority
                0x08000a3e       0x3e ./Drivers/STM32F1xx_HAL_Driver/Src/stm32f1xx_hal_cortex.o
 .text.HAL_NVIC_SetPriorityGrouping
                0x08000a7c       0x26 ./Drivers/STM32F1xx_HAL_Driver/Src/stm32f1xx_hal_cortex.o
                0x08000a7c                HAL_NVIC_SetPriorityGrouping
 .text.HAL_NVIC_SetPriority
                0x08000aa2       0x20 ./Drivers/STM32F1xx_HAL_Driver/Src/stm32f1xx_hal_cortex.o
                0x08000aa2                HAL_NVIC_SetPriority
 .text.HAL_NVIC_EnableIRQ
                0x08000ac2       0x1c ./Drivers/STM32F1xx_HAL_Driver/Src/stm32f1xx_hal_cortex.o
                0x08000ac2                HAL_NVIC_EnableIRQ
 .text.HAL_NVIC_DisableIRQ
                0x08000ade        0x8 ./Drivers/STM32F1xx_HAL_Driver/Src/stm32f1xx_hal_cortex.o
                0x08000ade                HAL_NVIC_DisableIRQ
 .text.HAL_SYSTICK_Config
                0x08000ae6       0x2a ./Drivers/STM32F1xx_HAL_Driver/Src/stm32f1xx_hal_cortex.o
                0x08000ae6                HAL_SYSTICK_Config
 .text.FLASH_SetErrorCode
                0x08000b10       0x9c ./Drivers/STM32F1xx_HAL_Driver/Src/stm32f1xx_hal_flash.o
 .text.HAL_FLASH_Unlock
                0x08000bac       0x40 ./Drivers/STM32F1xx_HAL_Driver/Src/stm32f1xx_hal_flash.o
                0x08000bac                HAL_FLASH_Unlock
 .text.HAL_FLASH_Lock
                0x08000bec       0x14 ./Drivers/STM32F1xx_HAL_Driver/Src/stm32f1xx_hal_flash.o
                0x08000bec                HAL_FLASH_Lock
 .text.HAL_FLASH_OB_Unlock
                0x08000c00       0x34 ./Drivers/STM32F1xx_HAL_Driver/Src/stm32f1xx_hal_flash.o
                0x08000c00                HAL_FLASH_OB_Unlock
 .text.HAL_FLASH_OB_Lock
                0x08000c34       0x14 ./Drivers/STM32F1xx_HAL_Driver/Src/stm32f1xx_hal_flash.o
                0x08000c34                HAL_FLASH_OB_Lock
 .text.FLASH_WaitForLastOperation
                0x08000c48       0x88 ./Drivers/STM32F1xx_HAL_Driver/Src/stm32f1xx_hal_flash.o
                0x08000c48                FLASH_WaitForLastOperation
 .text.FLASH_MassErase
                0x08000cd0       0x26 ./Drivers/STM32F1xx_HAL_Driver/Src/stm32f1xx_hal_flash_ex.o
 .text.FLASH_PageErase
                0x08000cf6       0x28 ./Drivers/STM32F1xx_HAL_Driver/Src/stm32f1xx_hal_flash_ex.o
                0x08000cf6                FLASH_PageErase
 .text.HAL_FLASHEx_Erase
                0x08000d1e       0xbc ./Drivers/STM32F1xx_HAL_Driver/Src/stm32f1xx_hal_flash_ex.o
                0x08000d1e                HAL_FLASHEx_Erase
 *fill*         0x08000dda        0x2 
 .text.HAL_GPIO_Init
                0x08000ddc      0x270 ./Drivers/STM32F1xx_HAL_Driver/Src/stm32f1xx_hal_gpio.o
                0x08000ddc                HAL_GPIO_Init
 .text.HAL_GPIO_DeInit
                0x0800104c      0x116 ./Drivers/STM32F1xx_HAL_Driver/Src/stm32f1xx_hal_gpio.o
                0x0800104c                HAL_GPIO_DeInit
 .text.HAL_GPIO_ReadPin
                0x08001162        0xe ./Drivers/STM32F1xx_HAL_Driver/Src/stm32f1xx_hal_gpio.o
                0x08001162                HAL_GPIO_ReadPin
 .text.HAL_GPIO_WritePin
                0x08001170        0xc ./Drivers/STM32F1xx_HAL_Driver/Src/stm32f1xx_hal_gpio.o
                0x08001170                HAL_GPIO_WritePin
 .text.HAL_PCD_EP_DB_Receive
                0x0800117c      0x11c ./Drivers/STM32F1xx_HAL_Driver/Src/stm32f1xx_hal_pcd.o
 .text.HAL_PCD_Init
                0x08001298      0x118 ./Drivers/STM32F1xx_HAL_Driver/Src/stm32f1xx_hal_pcd.o
                0x08001298                HAL_PCD_Init
 .text.HAL_PCD_DeInit
                0x080013b0       0x2e ./Drivers/STM32F1xx_HAL_Driver/Src/stm32f1xx_hal_pcd.o
                0x080013b0                HAL_PCD_DeInit
 .text.HAL_PCD_Start
                0x080013de       0x32 ./Drivers/STM32F1xx_HAL_Driver/Src/stm32f1xx_hal_pcd.o
                0x080013de                HAL_PCD_Start
 .text.HAL_PCD_Stop
                0x08001410       0x32 ./Drivers/STM32F1xx_HAL_Driver/Src/stm32f1xx_hal_pcd.o
                0x08001410                HAL_PCD_Stop
 .text.HAL_PCD_EP_DB_Transmit
                0x08001442      0x2d6 ./Drivers/STM32F1xx_HAL_Driver/Src/stm32f1xx_hal_pcd.o
 .text.PCD_EP_ISR_Handler
                0x08001718      0x438 ./Drivers/STM32F1xx_HAL_Driver/Src/stm32f1xx_hal_pcd.o
 .text.HAL_PCD_SetAddress
                0x08001b50       0x28 ./Drivers/STM32F1xx_HAL_Driver/Src/stm32f1xx_hal_pcd.o
                0x08001b50                HAL_PCD_SetAddress
 .text.HAL_PCD_IRQHandler
                0x08001b78      0x1d4 ./Drivers/STM32F1xx_HAL_Driver/Src/stm32f1xx_hal_pcd.o
                0x08001b78                HAL_PCD_IRQHandler
 .text.HAL_PCD_EP_Open
                0x08001d4c       0x84 ./Drivers/STM32F1xx_HAL_Driver/Src/stm32f1xx_hal_pcd.o
                0x08001d4c                HAL_PCD_EP_Open
 .text.HAL_PCD_EP_Close
                0x08001dd0       0x64 ./Drivers/STM32F1xx_HAL_Driver/Src/stm32f1xx_hal_pcd.o
                0x08001dd0                HAL_PCD_EP_Close
 .text.HAL_PCD_EP_Receive
                0x08001e34       0x44 ./Drivers/STM32F1xx_HAL_Driver/Src/stm32f1xx_hal_pcd.o
                0x08001e34                HAL_PCD_EP_Receive
 .text.HAL_PCD_EP_GetRxCount
                0x08001e78       0x12 ./Drivers/STM32F1xx_HAL_Driver/Src/stm32f1xx_hal_pcd.o
                0x08001e78                HAL_PCD_EP_GetRxCount
 .text.HAL_PCD_EP_Transmit
                0x08001e8a       0x50 ./Drivers/STM32F1xx_HAL_Driver/Src/stm32f1xx_hal_pcd.o
                0x08001e8a                HAL_PCD_EP_Transmit
 .text.HAL_PCD_EP_SetStall
                0x08001eda       0x78 ./Drivers/STM32F1xx_HAL_Driver/Src/stm32f1xx_hal_pcd.o
                0x08001eda                HAL_PCD_EP_SetStall
 .text.HAL_PCD_EP_ClrStall
                0x08001f52       0x76 ./Drivers/STM32F1xx_HAL_Driver/Src/stm32f1xx_hal_pcd.o
                0x08001f52                HAL_PCD_EP_ClrStall
 .text.HAL_PCDEx_PMAConfig
                0x08001fc8       0x38 ./Drivers/STM32F1xx_HAL_Driver/Src/stm32f1xx_hal_pcd_ex.o
                0x08001fc8                HAL_PCDEx_PMAConfig
 .text.RCC_Delay
                0x08002000       0x30 ./Drivers/STM32F1xx_HAL_Driver/Src/stm32f1xx_hal_rcc.o
 .text.HAL_RCC_DeInit
                0x08002030      0x12a ./Drivers/STM32F1xx_HAL_Driver/Src/stm32f1xx_hal_rcc.o
                0x08002030                HAL_RCC_DeInit
 .text.HAL_RCC_OscConfig
                0x0800215a      0x4f4 ./Drivers/STM32F1xx_HAL_Driver/Src/stm32f1xx_hal_rcc.o
                0x0800215a                HAL_RCC_OscConfig
 .text.HAL_RCC_GetSysClockFreq
                0x0800264e       0x82 ./Drivers/STM32F1xx_HAL_Driver/Src/stm32f1xx_hal_rcc.o
                0x0800264e                HAL_RCC_GetSysClockFreq
 .text.HAL_RCC_ClockConfig
                0x080026d0      0x1c4 ./Drivers/STM32F1xx_HAL_Driver/Src/stm32f1xx_hal_rcc.o
                0x080026d0                HAL_RCC_ClockConfig
 .text.HAL_RCCEx_PeriphCLKConfig
                0x08002894      0x158 ./Drivers/STM32F1xx_HAL_Driver/Src/stm32f1xx_hal_rcc_ex.o
                0x08002894                HAL_RCCEx_PeriphCLKConfig
 .text.USB_CoreInit
                0x080029ec        0xe ./Drivers/STM32F1xx_HAL_Driver/Src/stm32f1xx_ll_usb.o
                0x080029ec                USB_CoreInit
 .text.USB_EnableGlobalInt
                0x080029fa       0x12 ./Drivers/STM32F1xx_HAL_Driver/Src/stm32f1xx_ll_usb.o
                0x080029fa                USB_EnableGlobalInt
 .text.USB_DisableGlobalInt
                0x08002a0c       0x14 ./Drivers/STM32F1xx_HAL_Driver/Src/stm32f1xx_ll_usb.o
                0x08002a0c                USB_DisableGlobalInt
 .text.USB_SetCurrentMode
                0x08002a20        0x4 ./Drivers/STM32F1xx_HAL_Driver/Src/stm32f1xx_ll_usb.o
                0x08002a20                USB_SetCurrentMode
 .text.USB_DevInit
                0x08002a24       0x22 ./Drivers/STM32F1xx_HAL_Driver/Src/stm32f1xx_ll_usb.o
                0x08002a24                USB_DevInit
 .text.USB_ActivateEndpoint
                0x08002a46      0x378 ./Drivers/STM32F1xx_HAL_Driver/Src/stm32f1xx_ll_usb.o
                0x08002a46                USB_ActivateEndpoint
 .text.USB_DeactivateEndpoint
                0x08002dbe      0x1d6 ./Drivers/STM32F1xx_HAL_Driver/Src/stm32f1xx_ll_usb.o
                0x08002dbe                USB_DeactivateEndpoint
 .text.USB_EPSetStall
                0x08002f94       0x4a ./Drivers/STM32F1xx_HAL_Driver/Src/stm32f1xx_ll_usb.o
                0x08002f94                USB_EPSetStall
 .text.USB_EPClearStall
                0x08002fde       0xa2 ./Drivers/STM32F1xx_HAL_Driver/Src/stm32f1xx_ll_usb.o
                0x08002fde                USB_EPClearStall
 .text.USB_StopDevice
                0x08003080       0x16 ./Drivers/STM32F1xx_HAL_Driver/Src/stm32f1xx_ll_usb.o
                0x08003080                USB_StopDevice
 .text.USB_SetDevAddress
                0x08003096        0xc ./Drivers/STM32F1xx_HAL_Driver/Src/stm32f1xx_ll_usb.o
                0x08003096                USB_SetDevAddress
 .text.USB_DevConnect
                0x080030a2        0x4 ./Drivers/STM32F1xx_HAL_Driver/Src/stm32f1xx_ll_usb.o
                0x080030a2                USB_DevConnect
 .text.USB_DevDisconnect
                0x080030a6        0x4 ./Drivers/STM32F1xx_HAL_Driver/Src/stm32f1xx_ll_usb.o
                0x080030a6                USB_DevDisconnect
 .text.USB_ReadInterrupts
                0x080030aa        0x8 ./Drivers/STM32F1xx_HAL_Driver/Src/stm32f1xx_ll_usb.o
                0x080030aa                USB_ReadInterrupts
 .text.USB_EP0_OutStart
                0x080030b2        0x4 ./Drivers/STM32F1xx_HAL_Driver/Src/stm32f1xx_ll_usb.o
                0x080030b2                USB_EP0_OutStart
 .text.USB_WritePMA
                0x080030b6       0x26 ./Drivers/STM32F1xx_HAL_Driver/Src/stm32f1xx_ll_usb.o
                0x080030b6                USB_WritePMA
 .text.USB_EPStartXfer
                0x080030dc      0x79e ./Drivers/STM32F1xx_HAL_Driver/Src/stm32f1xx_ll_usb.o
                0x080030dc                USB_EPStartXfer
 .text.USB_ReadPMA
                0x0800387a       0x30 ./Drivers/STM32F1xx_HAL_Driver/Src/stm32f1xx_ll_usb.o
                0x0800387a                USB_ReadPMA
 .text.USBD_CDC_EP0_RxReady
                0x080038aa       0x28 ./Middlewares/ST/STM32_USB_Device_Library/Class/CDC/Src/usbd_cdc.o
 .text.USBD_CDC_GetFSCfgDesc
                0x080038d2        0xe ./Middlewares/ST/STM32_USB_Device_Library/Class/CDC/Src/usbd_cdc.o
 .text.USBD_CDC_GetHSCfgDesc
                0x080038e0        0xe ./Middlewares/ST/STM32_USB_Device_Library/Class/CDC/Src/usbd_cdc.o
 .text.USBD_CDC_GetOtherSpeedCfgDesc
                0x080038ee        0xe ./Middlewares/ST/STM32_USB_Device_Library/Class/CDC/Src/usbd_cdc.o
 .text.USBD_CDC_GetDeviceQualifierDescriptor
                0x080038fc        0xe ./Middlewares/ST/STM32_USB_Device_Library/Class/CDC/Src/usbd_cdc.o
                0x080038fc                USBD_CDC_GetDeviceQualifierDescriptor
 .text.USBD_CDC_DataOut
                0x0800390a       0x2e ./Middlewares/ST/STM32_USB_Device_Library/Class/CDC/Src/usbd_cdc.o
 .text.USBD_CDC_DataIn
                0x08003938       0x4e ./Middlewares/ST/STM32_USB_Device_Library/Class/CDC/Src/usbd_cdc.o
 .text.USBD_CDC_Setup
                0x08003986       0xd6 ./Middlewares/ST/STM32_USB_Device_Library/Class/CDC/Src/usbd_cdc.o
 .text.USBD_CDC_DeInit
                0x08003a5c       0x42 ./Middlewares/ST/STM32_USB_Device_Library/Class/CDC/Src/usbd_cdc.o
 .text.USBD_CDC_Init
                0x08003a9e       0xaa ./Middlewares/ST/STM32_USB_Device_Library/Class/CDC/Src/usbd_cdc.o
 .text.USBD_CDC_RegisterInterface
                0x08003b48        0xe ./Middlewares/ST/STM32_USB_Device_Library/Class/CDC/Src/usbd_cdc.o
                0x08003b48                USBD_CDC_RegisterInterface
 .text.USBD_CDC_SetTxBuffer
                0x08003b56       0x10 ./Middlewares/ST/STM32_USB_Device_Library/Class/CDC/Src/usbd_cdc.o
                0x08003b56                USBD_CDC_SetTxBuffer
 .text.USBD_CDC_SetRxBuffer
                0x08003b66        0xc ./Middlewares/ST/STM32_USB_Device_Library/Class/CDC/Src/usbd_cdc.o
                0x08003b66                USBD_CDC_SetRxBuffer
 .text.USBD_CDC_TransmitPacket
                0x08003b72       0x32 ./Middlewares/ST/STM32_USB_Device_Library/Class/CDC/Src/usbd_cdc.o
                0x08003b72                USBD_CDC_TransmitPacket
 .text.USBD_CDC_ReceivePacket
                0x08003ba4       0x30 ./Middlewares/ST/STM32_USB_Device_Library/Class/CDC/Src/usbd_cdc.o
                0x08003ba4                USBD_CDC_ReceivePacket
 .text.USBD_Init
                0x08003bd4       0x2e ./Middlewares/ST/STM32_USB_Device_Library/Core/Src/usbd_core.o
                0x08003bd4                USBD_Init
 .text.USBD_DeInit
                0x08003c02       0x24 ./Middlewares/ST/STM32_USB_Device_Library/Core/Src/usbd_core.o
                0x08003c02                USBD_DeInit
 .text.USBD_RegisterClass
                0x08003c26        0xe ./Middlewares/ST/STM32_USB_Device_Library/Core/Src/usbd_core.o
                0x08003c26                USBD_RegisterClass
 .text.USBD_Start
                0x08003c34        0xa ./Middlewares/ST/STM32_USB_Device_Library/Core/Src/usbd_core.o
                0x08003c34                USBD_Start
 .text.USBD_SetClassConfig
                0x08003c3e       0x18 ./Middlewares/ST/STM32_USB_Device_Library/Core/Src/usbd_core.o
                0x08003c3e                USBD_SetClassConfig
 .text.USBD_ClrClassConfig
                0x08003c56        0xe ./Middlewares/ST/STM32_USB_Device_Library/Core/Src/usbd_core.o
                0x08003c56                USBD_ClrClassConfig
 .text.USBD_LL_SetupStage
                0x08003c64       0x5a ./Middlewares/ST/STM32_USB_Device_Library/Core/Src/usbd_core.o
                0x08003c64                USBD_LL_SetupStage
 .text.USBD_LL_DataOutStage
                0x08003cbe       0x8c ./Middlewares/ST/STM32_USB_Device_Library/Core/Src/usbd_core.o
                0x08003cbe                USBD_LL_DataOutStage
 .text.USBD_LL_DataInStage
                0x08003d4a       0xd0 ./Middlewares/ST/STM32_USB_Device_Library/Core/Src/usbd_core.o
                0x08003d4a                USBD_LL_DataInStage
 .text.USBD_LL_Reset
                0x08003e1a       0x50 ./Middlewares/ST/STM32_USB_Device_Library/Core/Src/usbd_core.o
                0x08003e1a                USBD_LL_Reset
 .text.USBD_LL_SetSpeed
                0x08003e6a        0x6 ./Middlewares/ST/STM32_USB_Device_Library/Core/Src/usbd_core.o
                0x08003e6a                USBD_LL_SetSpeed
 .text.USBD_LL_Suspend
                0x08003e70       0x12 ./Middlewares/ST/STM32_USB_Device_Library/Core/Src/usbd_core.o
                0x08003e70                USBD_LL_Suspend
 .text.USBD_LL_Resume
                0x08003e82       0x16 ./Middlewares/ST/STM32_USB_Device_Library/Core/Src/usbd_core.o
                0x08003e82                USBD_LL_Resume
 .text.USBD_LL_SOF
                0x08003e98       0x1c ./Middlewares/ST/STM32_USB_Device_Library/Core/Src/usbd_core.o
                0x08003e98                USBD_LL_SOF
 .text.USBD_GetLen
                0x08003eb4       0x14 ./Middlewares/ST/STM32_USB_Device_Library/Core/Src/usbd_ctlreq.o
 .text.USBD_SetFeature
                0x08003ec8       0x14 ./Middlewares/ST/STM32_USB_Device_Library/Core/Src/usbd_ctlreq.o
 .text.USBD_ParseSetupRequest
                0x08003edc       0x28 ./Middlewares/ST/STM32_USB_Device_Library/Core/Src/usbd_ctlreq.o
                0x08003edc                USBD_ParseSetupRequest
 .text.USBD_CtlError
                0x08003f04       0x14 ./Middlewares/ST/STM32_USB_Device_Library/Core/Src/usbd_ctlreq.o
                0x08003f04                USBD_CtlError
 .text.USBD_GetDescriptor
                0x08003f18      0x186 ./Middlewares/ST/STM32_USB_Device_Library/Core/Src/usbd_ctlreq.o
 .text.USBD_SetAddress
                0x0800409e       0x4e ./Middlewares/ST/STM32_USB_Device_Library/Core/Src/usbd_ctlreq.o
 .text.USBD_SetConfig
                0x080040ec       0xbc ./Middlewares/ST/STM32_USB_Device_Library/Core/Src/usbd_ctlreq.o
 .text.USBD_GetConfig
                0x080041a8       0x3e ./Middlewares/ST/STM32_USB_Device_Library/Core/Src/usbd_ctlreq.o
 .text.USBD_GetStatus
                0x080041e6       0x38 ./Middlewares/ST/STM32_USB_Device_Library/Core/Src/usbd_ctlreq.o
 .text.USBD_ClrFeature
                0x0800421e       0x26 ./Middlewares/ST/STM32_USB_Device_Library/Core/Src/usbd_ctlreq.o
 .text.USBD_StdDevReq
                0x08004244       0x68 ./Middlewares/ST/STM32_USB_Device_Library/Core/Src/usbd_ctlreq.o
                0x08004244                USBD_StdDevReq
 .text.USBD_StdItfReq
                0x080042ac       0x60 ./Middlewares/ST/STM32_USB_Device_Library/Core/Src/usbd_ctlreq.o
                0x080042ac                USBD_StdItfReq
 .text.USBD_StdEPReq
                0x0800430c      0x1e2 ./Middlewares/ST/STM32_USB_Device_Library/Core/Src/usbd_ctlreq.o
                0x0800430c                USBD_StdEPReq
 .text.USBD_GetString
                0x080044ee       0x3a ./Middlewares/ST/STM32_USB_Device_Library/Core/Src/usbd_ctlreq.o
                0x080044ee                USBD_GetString
 .text.USBD_CtlSendData
                0x08004528       0x1a ./Middlewares/ST/STM32_USB_Device_Library/Core/Src/usbd_ioreq.o
                0x08004528                USBD_CtlSendData
 .text.USBD_CtlContinueSendData
                0x08004542       0x10 ./Middlewares/ST/STM32_USB_Device_Library/Core/Src/usbd_ioreq.o
                0x08004542                USBD_CtlContinueSendData
 .text.USBD_CtlPrepareRx
                0x08004552       0x1e ./Middlewares/ST/STM32_USB_Device_Library/Core/Src/usbd_ioreq.o
                0x08004552                USBD_CtlPrepareRx
 .text.USBD_CtlContinueRx
                0x08004570       0x10 ./Middlewares/ST/STM32_USB_Device_Library/Core/Src/usbd_ioreq.o
                0x08004570                USBD_CtlContinueRx
 .text.USBD_CtlSendStatus
                0x08004580       0x16 ./Middlewares/ST/STM32_USB_Device_Library/Core/Src/usbd_ioreq.o
                0x08004580                USBD_CtlSendStatus
 .text.USBD_CtlReceiveStatus
                0x08004596       0x16 ./Middlewares/ST/STM32_USB_Device_Library/Core/Src/usbd_ioreq.o
                0x08004596                USBD_CtlReceiveStatus
 .text.MX_USB_DEVICE_Init
                0x080045ac       0x6e ./USB_DEVICE/App/usb_device.o
                0x080045ac                MX_USB_DEVICE_Init
 .text.CDC_DeInit_FS
                0x0800461a        0x4 ./USB_DEVICE/App/usbd_cdc_if.o
 .text.CDC_Control_FS
                0x0800461e        0x4 ./USB_DEVICE/App/usbd_cdc_if.o
 .text.CDC_Receive_FS
                0x08004622       0x44 ./USB_DEVICE/App/usbd_cdc_if.o
 .text.CDC_Init_FS
                0x08004666       0x2c ./USB_DEVICE/App/usbd_cdc_if.o
 .text.CDC_Transmit_FS
                0x08004692       0x32 ./USB_DEVICE/App/usbd_cdc_if.o
                0x08004692                CDC_Transmit_FS
 .text.USBD_FS_DeviceDescriptor
                0x080046c4        0xe ./USB_DEVICE/App/usbd_desc.o
                0x080046c4                USBD_FS_DeviceDescriptor
 .text.USBD_FS_LangIDStrDescriptor
                0x080046d2        0xe ./USB_DEVICE/App/usbd_desc.o
                0x080046d2                USBD_FS_LangIDStrDescriptor
 .text.IntToUnicode
                0x080046e0       0x46 ./USB_DEVICE/App/usbd_desc.o
 .text.Get_SerialNum
                0x08004726       0x3a ./USB_DEVICE/App/usbd_desc.o
 .text.USBD_FS_SerialStrDescriptor
                0x08004760       0x14 ./USB_DEVICE/App/usbd_desc.o
                0x08004760                USBD_FS_SerialStrDescriptor
 .text.USBD_FS_ProductStrDescriptor
                0x08004774       0x3a ./USB_DEVICE/App/usbd_desc.o
                0x08004774                USBD_FS_ProductStrDescriptor
 .text.USBD_FS_ManufacturerStrDescriptor
                0x080047ae       0x1e ./USB_DEVICE/App/usbd_desc.o
                0x080047ae                USBD_FS_ManufacturerStrDescriptor
 .text.USBD_FS_ConfigStrDescriptor
                0x080047cc       0x3a ./USB_DEVICE/App/usbd_desc.o
                0x080047cc                USBD_FS_ConfigStrDescriptor
 .text.USBD_FS_InterfaceStrDescriptor
                0x08004806       0x3a ./USB_DEVICE/App/usbd_desc.o
                0x08004806                USBD_FS_InterfaceStrDescriptor
 .text.USBD_Get_USB_Status
                0x08004840       0x14 ./USB_DEVICE/Target/usbd_conf.o
 .text.HAL_PCD_MspInit
                0x08004854       0x44 ./USB_DEVICE/Target/usbd_conf.o
                0x08004854                HAL_PCD_MspInit
 .text.HAL_PCD_MspDeInit
                0x08004898       0x2a ./USB_DEVICE/Target/usbd_conf.o
                0x08004898                HAL_PCD_MspDeInit
 .text.HAL_PCD_SetupStageCallback
                0x080048c2       0x10 ./USB_DEVICE/Target/usbd_conf.o
                0x080048c2                HAL_PCD_SetupStageCallback
 .text.HAL_PCD_DataOutStageCallback
                0x080048d2       0x18 ./USB_DEVICE/Target/usbd_conf.o
                0x080048d2                HAL_PCD_DataOutStageCallback
 .text.HAL_PCD_DataInStageCallback
                0x080048ea       0x16 ./USB_DEVICE/Target/usbd_conf.o
                0x080048ea                HAL_PCD_DataInStageCallback
 .text.HAL_PCD_SOFCallback
                0x08004900        0xc ./USB_DEVICE/Target/usbd_conf.o
                0x08004900                HAL_PCD_SOFCallback
 .text.HAL_PCD_ResetCallback
                0x0800490c       0x24 ./USB_DEVICE/Target/usbd_conf.o
                0x0800490c                HAL_PCD_ResetCallback
 .text.HAL_PCD_SuspendCallback
                0x08004930       0x22 ./USB_DEVICE/Target/usbd_conf.o
                0x08004930                HAL_PCD_SuspendCallback
 .text.HAL_PCD_ResumeCallback
                0x08004952        0xc ./USB_DEVICE/Target/usbd_conf.o
                0x08004952                HAL_PCD_ResumeCallback
 .text.USBD_LL_Init
                0x0800495e       0x88 ./USB_DEVICE/Target/usbd_conf.o
                0x0800495e                USBD_LL_Init
 .text.USBD_LL_DeInit
                0x080049e6       0x10 ./USB_DEVICE/Target/usbd_conf.o
                0x080049e6                USBD_LL_DeInit
 .text.USBD_LL_Start
                0x080049f6       0x10 ./USB_DEVICE/Target/usbd_conf.o
                0x080049f6                USBD_LL_Start
 .text.USBD_LL_Stop
                0x08004a06       0x10 ./USB_DEVICE/Target/usbd_conf.o
                0x08004a06                USBD_LL_Stop
 .text.USBD_LL_OpenEP
                0x08004a16       0x16 ./USB_DEVICE/Target/usbd_conf.o
                0x08004a16                USBD_LL_OpenEP
 .text.USBD_LL_CloseEP
                0x08004a2c       0x10 ./USB_DEVICE/Target/usbd_conf.o
                0x08004a2c                USBD_LL_CloseEP
 .text.USBD_LL_StallEP
                0x08004a3c       0x10 ./USB_DEVICE/Target/usbd_conf.o
                0x08004a3c                USBD_LL_StallEP
 .text.USBD_LL_ClearStallEP
                0x08004a4c       0x10 ./USB_DEVICE/Target/usbd_conf.o
                0x08004a4c                USBD_LL_ClearStallEP
 .text.USBD_LL_IsStallEP
                0x08004a5c       0x2e ./USB_DEVICE/Target/usbd_conf.o
                0x08004a5c                USBD_LL_IsStallEP
 .text.USBD_LL_SetUSBAddress
                0x08004a8a       0x10 ./USB_DEVICE/Target/usbd_conf.o
                0x08004a8a                USBD_LL_SetUSBAddress
 .text.USBD_LL_Transmit
                0x08004a9a       0x10 ./USB_DEVICE/Target/usbd_conf.o
                0x08004a9a                USBD_LL_Transmit
 .text.USBD_LL_PrepareReceive
                0x08004aaa       0x10 ./USB_DEVICE/Target/usbd_conf.o
                0x08004aaa                USBD_LL_PrepareReceive
 .text.USBD_LL_GetRxDataSize
                0x08004aba        0xc ./USB_DEVICE/Target/usbd_conf.o
                0x08004aba                USBD_LL_GetRxDataSize
 .text.USBD_static_malloc
                0x08004ac6        0xa ./USB_DEVICE/Target/usbd_conf.o
                0x08004ac6                USBD_static_malloc
 .text.USBD_static_free
                0x08004ad0        0x2 ./USB_DEVICE/Target/usbd_conf.o
                0x08004ad0                USBD_static_free
 .text.HAL_PCDEx_SetConnectionState
                0x08004ad2        0x2 ./USB_DEVICE/Target/usbd_conf.o
                0x08004ad2                HAL_PCDEx_SetConnectionState
 .text.memset   0x08004ad4       0x10 C:/ST/STM32CubeIDE_1.15.1/STM32CubeIDE/plugins/com.st.stm32cube.ide.mcu.externaltools.gnu-tools-for-stm32.12.3.rel1.win32_1.0.100.202403111256/tools/bin/../lib/gcc/arm-none-eabi/12.3.1/../../../../arm-none-eabi/lib/thumb/v7-m/nofp\libc_nano.a(libc_a-memset.o)
                0x08004ad4                memset
 .text.__libc_init_array
                0x08004ae4       0x48 C:/ST/STM32CubeIDE_1.15.1/STM32CubeIDE/plugins/com.st.stm32cube.ide.mcu.externaltools.gnu-tools-for-stm32.12.3.rel1.win32_1.0.100.202403111256/tools/bin/../lib/gcc/arm-none-eabi/12.3.1/../../../../arm-none-eabi/lib/thumb/v7-m/nofp\libc_nano.a(libc_a-init.o)
                0x08004ae4                __libc_init_array
 *(.glue_7)
 .glue_7        0x08004b2c        0x0 linker stubs
 *(.glue_7t)
 .glue_7t       0x08004b2c        0x0 linker stubs
 *(.eh_frame)
 .eh_frame      0x08004b2c        0x0 C:/ST/STM32CubeIDE_1.15.1/STM32CubeIDE/plugins/com.st.stm32cube.ide.mcu.externaltools.gnu-tools-for-stm32.12.3.rel1.win32_1.0.100.202403111256/tools/bin/../lib/gcc/arm-none-eabi/12.3.1/thumb/v7-m/nofp/crtbegin.o
 *(.init)
 .init          0x08004b2c        0x4 C:/ST/STM32CubeIDE_1.15.1/STM32CubeIDE/plugins/com.st.stm32cube.ide.mcu.externaltools.gnu-tools-for-stm32.12.3.rel1.win32_1.0.100.202403111256/tools/bin/../lib/gcc/arm-none-eabi/12.3.1/thumb/v7-m/nofp/crti.o
                0x08004b2c                _init
 .init          0x08004b30        0x8 C:/ST/STM32CubeIDE_1.15.1/STM32CubeIDE/plugins/com.st.stm32cube.ide.mcu.externaltools.gnu-tools-for-stm32.12.3.rel1.win32_1.0.100.202403111256/tools/bin/../lib/gcc/arm-none-eabi/12.3.1/thumb/v7-m/nofp/crtn.o
 *(.fini)
 .fini          0x08004b38        0x4 C:/ST/STM32CubeIDE_1.15.1/STM32CubeIDE/plugins/com.st.stm32cube.ide.mcu.externaltools.gnu-tools-for-stm32.12.3.rel1.win32_1.0.100.202403111256/tools/bin/../lib/gcc/arm-none-eabi/12.3.1/thumb/v7-m/nofp/crti.o
                0x08004b38                _fini
 .fini          0x08004b3c        0x8 C:/ST/STM32CubeIDE_1.15.1/STM32CubeIDE/plugins/com.st.stm32cube.ide.mcu.externaltools.gnu-tools-for-stm32.12.3.rel1.win32_1.0.100.202403111256/tools/bin/../lib/gcc/arm-none-eabi/12.3.1/thumb/v7-m/nofp/crtn.o
                0x08004b44                        . = ALIGN (0x4)
                0x08004b44                        _etext = .

.vfp11_veneer   0x08004b44        0x0
 .vfp11_veneer  0x08004b44        0x0 linker stubs

.v4_bx          0x08004b44        0x0
 .v4_bx         0x08004b44        0x0 linker stubs

.iplt           0x08004b44        0x0
 .iplt          0x08004b44        0x0 C:/ST/STM32CubeIDE_1.15.1/STM32CubeIDE/plugins/com.st.stm32cube.ide.mcu.externaltools.gnu-tools-for-stm32.12.3.rel1.win32_1.0.100.202403111256/tools/bin/../lib/gcc/arm-none-eabi/12.3.1/thumb/v7-m/nofp/crtbegin.o

.rodata         0x08004b44      0x114
                0x08004b44                        . = ALIGN (0x4)
 *(.rodata)
 *(.rodata*)
 .rodata.messageHandler.str1.4
                0x08004b44       0xb3 ./Core/Src/bootloader.o
 *fill*         0x08004bf7        0x1 
 .rodata.AHBPrescTable
                0x08004bf8       0x10 ./Core/Src/system_stm32f1xx.o
                0x08004bf8                AHBPrescTable
 .rodata.HAL_RCC_GetSysClockFreq.str1.4
                0x08004c08       0x11 ./Drivers/STM32F1xx_HAL_Driver/Src/stm32f1xx_hal_rcc.o
 *fill*         0x08004c19        0x3 
 .rodata.USBD_FS_ProductStrDescriptor.str1.4
                0x08004c1c       0x13 ./USB_DEVICE/App/usbd_desc.o
 *fill*         0x08004c2f        0x1 
 .rodata.USBD_FS_ManufacturerStrDescriptor.str1.4
                0x08004c30        0xc ./USB_DEVICE/App/usbd_desc.o
 .rodata.USBD_FS_ConfigStrDescriptor.str1.4
                0x08004c3c        0xb ./USB_DEVICE/App/usbd_desc.o
 *fill*         0x08004c47        0x1 
 .rodata.USBD_FS_InterfaceStrDescriptor.str1.4
                0x08004c48        0xe ./USB_DEVICE/App/usbd_desc.o
                0x08004c58                        . = ALIGN (0x4)
 *fill*         0x08004c56        0x2 

.rel.dyn        0x08004c58        0x0
 .rel.iplt      0x08004c58        0x0 C:/ST/STM32CubeIDE_1.15.1/STM32CubeIDE/plugins/com.st.stm32cube.ide.mcu.externaltools.gnu-tools-for-stm32.12.3.rel1.win32_1.0.100.202403111256/tools/bin/../lib/gcc/arm-none-eabi/12.3.1/thumb/v7-m/nofp/crtbegin.o

.ARM.extab      0x08004c58        0x0
                0x08004c58                        . = ALIGN (0x4)
 *(.ARM.extab* .gnu.linkonce.armextab.*)
                0x08004c58                        . = ALIGN (0x4)

.ARM            0x08004c58        0x0
                0x08004c58                        . = ALIGN (0x4)
                0x08004c58                        __exidx_start = .
 *(.ARM.exidx*)
                0x08004c58                        __exidx_end = .
                0x08004c58                        . = ALIGN (0x4)

.preinit_array  0x08004c58        0x0
                0x08004c58                        . = ALIGN (0x4)
                0x08004c58                        PROVIDE (__preinit_array_start = .)
 *(.preinit_array*)
                0x08004c58                        PROVIDE (__preinit_array_end = .)
                0x08004c58                        . = ALIGN (0x4)

.init_array     0x08004c58        0x4
                0x08004c58                        . = ALIGN (0x4)
                0x08004c58                        PROVIDE (__init_array_start = .)
 *(SORT_BY_NAME(.init_array.*))
 *(.init_array*)
 .init_array    0x08004c58        0x4 C:/ST/STM32CubeIDE_1.15.1/STM32CubeIDE/plugins/com.st.stm32cube.ide.mcu.externaltools.gnu-tools-for-stm32.12.3.rel1.win32_1.0.100.202403111256/tools/bin/../lib/gcc/arm-none-eabi/12.3.1/thumb/v7-m/nofp/crtbegin.o
                0x08004c5c                        PROVIDE (__init_array_end = .)
                0x08004c5c                        . = ALIGN (0x4)

.fini_array     0x08004c5c        0x4
                0x08004c5c                        . = ALIGN (0x4)
                [!provide]                        PROVIDE (__fini_array_start = .)
 *(SORT_BY_NAME(.fini_array.*))
 *(.fini_array*)
 .fini_array    0x08004c5c        0x4 C:/ST/STM32CubeIDE_1.15.1/STM32CubeIDE/plugins/com.st.stm32cube.ide.mcu.externaltools.gnu-tools-for-stm32.12.3.rel1.win32_1.0.100.202403111256/tools/bin/../lib/gcc/arm-none-eabi/12.3.1/thumb/v7-m/nofp/crtbegin.o
                [!provide]                        PROVIDE (__fini_array_end = .)
                0x08004c60                        . = ALIGN (0x4)
                0x08004c60                        _sidata = LOADADDR (.data)

.data           0x20000000      0x17c load address 0x08004c60
                0x20000000                        . = ALIGN (0x4)
                0x20000000                        _sdata = .
 *(.data)
 *(.data*)
 .data.SystemCoreClock
                0x20000000        0x4 ./Core/Src/system_stm32f1xx.o
                0x20000000                SystemCoreClock
 .data.uwTickFreq
                0x20000004        0x1 ./Drivers/STM32F1xx_HAL_Driver/Src/stm32f1xx_hal.o
                0x20000004                uwTickFreq
 *fill*         0x20000005        0x3 
 .data.uwTickPrio
                0x20000008        0x4 ./Drivers/STM32F1xx_HAL_Driver/Src/stm32f1xx_hal.o
                0x20000008                uwTickPrio
 .data.USBD_CDC_OtherSpeedCfgDesc
                0x2000000c       0x43 ./Middlewares/ST/STM32_USB_Device_Library/Class/CDC/Src/usbd_cdc.o
                0x2000000c                USBD_CDC_OtherSpeedCfgDesc
 *fill*         0x2000004f        0x1 
 .data.USBD_CDC_CfgFSDesc
                0x20000050       0x43 ./Middlewares/ST/STM32_USB_Device_Library/Class/CDC/Src/usbd_cdc.o
                0x20000050                USBD_CDC_CfgFSDesc
 *fill*         0x20000093        0x1 
 .data.USBD_CDC_CfgHSDesc
                0x20000094       0x43 ./Middlewares/ST/STM32_USB_Device_Library/Class/CDC/Src/usbd_cdc.o
                0x20000094                USBD_CDC_CfgHSDesc
 *fill*         0x200000d7        0x1 
 .data.USBD_CDC
                0x200000d8       0x38 ./Middlewares/ST/STM32_USB_Device_Library/Class/CDC/Src/usbd_cdc.o
                0x200000d8                USBD_CDC
 .data.USBD_CDC_DeviceQualifierDesc
                0x20000110        0xa ./Middlewares/ST/STM32_USB_Device_Library/Class/CDC/Src/usbd_cdc.o
 *fill*         0x2000011a        0x2 
 .data.USBD_Interface_fops_FS
                0x2000011c       0x10 ./USB_DEVICE/App/usbd_cdc_if.o
                0x2000011c                USBD_Interface_fops_FS
 .data.USBD_StringSerial
                0x2000012c       0x1a ./USB_DEVICE/App/usbd_desc.o
                0x2000012c                USBD_StringSerial
 *fill*         0x20000146        0x2 
 .data.USBD_LangIDDesc
                0x20000148        0x4 ./USB_DEVICE/App/usbd_desc.o
                0x20000148                USBD_LangIDDesc
 .data.USBD_FS_DeviceDesc
                0x2000014c       0x12 ./USB_DEVICE/App/usbd_desc.o
                0x2000014c                USBD_FS_DeviceDesc
 *fill*         0x2000015e        0x2 
 .data.FS_Desc  0x20000160       0x1c ./USB_DEVICE/App/usbd_desc.o
                0x20000160                FS_Desc
                0x2000017c                        . = ALIGN (0x4)
                0x2000017c                        _edata = .

.igot.plt       0x2000017c        0x0 load address 0x08004ddc
 .igot.plt      0x2000017c        0x0 C:/ST/STM32CubeIDE_1.15.1/STM32CubeIDE/plugins/com.st.stm32cube.ide.mcu.externaltools.gnu-tools-for-stm32.12.3.rel1.win32_1.0.100.202403111256/tools/bin/../lib/gcc/arm-none-eabi/12.3.1/thumb/v7-m/nofp/crtbegin.o
                0x2000017c                        . = ALIGN (0x4)

.bss            0x20000180     0x11f4 load address 0x08004ddc
                0x20000180                        _sbss = .
                0x20000180                        __bss_start__ = _sbss
 *(.bss)
 .bss           0x20000180       0x1c C:/ST/STM32CubeIDE_1.15.1/STM32CubeIDE/plugins/com.st.stm32cube.ide.mcu.externaltools.gnu-tools-for-stm32.12.3.rel1.win32_1.0.100.202403111256/tools/bin/../lib/gcc/arm-none-eabi/12.3.1/thumb/v7-m/nofp/crtbegin.o
 *(.bss*)
 .bss.flashStatus
                0x2000019c        0x1 ./Core/Src/bootloader.o
                0x2000019c                flashStatus
 *fill*         0x2000019d        0x3 
 .bss.Flashed_offset
                0x200001a0        0x4 ./Core/Src/bootloader.o
                0x200001a0                Flashed_offset
 .bss.App       0x200001a4        0x1 ./Core/Src/bootloader.o
                0x200001a4                App
 *fill*         0x200001a5        0x3 
 .bss.uwTick    0x200001a8        0x4 ./Drivers/STM32F1xx_HAL_Driver/Src/stm32f1xx_hal.o
                0x200001a8                uwTick
 *fill*         0x200001ac        0x4 
 .bss.pFlash    0x200001b0       0x20 ./Drivers/STM32F1xx_HAL_Driver/Src/stm32f1xx_hal_flash.o
                0x200001b0                pFlash
 .bss.cfgidx.0  0x200001d0        0x1 ./Middlewares/ST/STM32_USB_Device_Library/Core/Src/usbd_ctlreq.o
 *fill*         0x200001d1        0x3 
 .bss.hUsbDeviceFS
                0x200001d4      0x2c4 ./USB_DEVICE/App/usb_device.o
                0x200001d4                hUsbDeviceFS
 .bss.UserTxBufferFS
                0x20000498      0x3e8 ./USB_DEVICE/App/usbd_cdc_if.o
                0x20000498                UserTxBufferFS
 .bss.UserRxBufferFS
                0x20000880      0x3e8 ./USB_DEVICE/App/usbd_cdc_if.o
                0x20000880                UserRxBufferFS
 .bss.USBD_StrDesc
                0x20000c68      0x200 ./USB_DEVICE/App/usbd_desc.o
                0x20000c68                USBD_StrDesc
 .bss.mem.0     0x20000e68      0x220 ./USB_DEVICE/Target/usbd_conf.o
 .bss.hpcd_USB_FS
                0x20001088      0x2ec ./USB_DEVICE/Target/usbd_conf.o
                0x20001088                hpcd_USB_FS
 *(COMMON)
                0x20001374                        . = ALIGN (0x4)
                0x20001374                        _ebss = .
                0x20001374                        __bss_end__ = _ebss

._user_heap_stack
                0x20001374      0x604 load address 0x08004ddc
                0x20001378                        . = ALIGN (0x8)
 *fill*         0x20001374        0x4 
                [!provide]                        PROVIDE (end = .)
                0x20001378                        PROVIDE (_end = .)
                0x20001578                        . = (. + _Min_Heap_Size)
 *fill*         0x20001378      0x200 
                0x20001978                        . = (. + _Min_Stack_Size)
 *fill*         0x20001578      0x400 
                0x20001978                        . = ALIGN (0x8)

/DISCARD/
 libc.a(*)
 libm.a(*)
 libgcc.a(*)

.ARM.attributes
                0x00000000       0x29
 *(.ARM.attributes)
 .ARM.attributes
                0x00000000       0x1d C:/ST/STM32CubeIDE_1.15.1/STM32CubeIDE/plugins/com.st.stm32cube.ide.mcu.externaltools.gnu-tools-for-stm32.12.3.rel1.win32_1.0.100.202403111256/tools/bin/../lib/gcc/arm-none-eabi/12.3.1/thumb/v7-m/nofp/crti.o
 .ARM.attributes
                0x0000001d       0x2d C:/ST/STM32CubeIDE_1.15.1/STM32CubeIDE/plugins/com.st.stm32cube.ide.mcu.externaltools.gnu-tools-for-stm32.12.3.rel1.win32_1.0.100.202403111256/tools/bin/../lib/gcc/arm-none-eabi/12.3.1/thumb/v7-m/nofp/crtbegin.o
 .ARM.attributes
                0x0000004a       0x2d ./Core/Src/bootloader.o
 .ARM.attributes
                0x00000077       0x2d ./Core/Src/main.o
 .ARM.attributes
                0x000000a4       0x2d ./Core/Src/stm32f1xx_hal_msp.o
 .ARM.attributes
                0x000000d1       0x2d ./Core/Src/stm32f1xx_it.o
 .ARM.attributes
                0x000000fe       0x2d ./Core/Src/system_stm32f1xx.o
 .ARM.attributes
                0x0000012b       0x21 ./Core/Startup/startup_stm32f103c8tx.o
 .ARM.attributes
                0x0000014c       0x2d ./Drivers/STM32F1xx_HAL_Driver/Src/stm32f1xx_hal.o
 .ARM.attributes
                0x00000179       0x2d ./Drivers/STM32F1xx_HAL_Driver/Src/stm32f1xx_hal_cortex.o
 .ARM.attributes
                0x000001a6       0x2d ./Drivers/STM32F1xx_HAL_Driver/Src/stm32f1xx_hal_flash.o
 .ARM.attributes
                0x000001d3       0x2d ./Drivers/STM32F1xx_HAL_Driver/Src/stm32f1xx_hal_flash_ex.o
 .ARM.attributes
                0x00000200       0x2d ./Drivers/STM32F1xx_HAL_Driver/Src/stm32f1xx_hal_gpio.o
 .ARM.attributes
                0x0000022d       0x2d ./Drivers/STM32F1xx_HAL_Driver/Src/stm32f1xx_hal_pcd.o
 .ARM.attributes
                0x0000025a       0x2d ./Drivers/STM32F1xx_HAL_Driver/Src/stm32f1xx_hal_pcd_ex.o
 .ARM.attributes
                0x00000287       0x2d ./Drivers/STM32F1xx_HAL_Driver/Src/stm32f1xx_hal_rcc.o
 .ARM.attributes
                0x000002b4       0x2d ./Drivers/STM32F1xx_HAL_Driver/Src/stm32f1xx_hal_rcc_ex.o
 .ARM.attributes
                0x000002e1       0x2d ./Drivers/STM32F1xx_HAL_Driver/Src/stm32f1xx_ll_usb.o
 .ARM.attributes
                0x0000030e       0x2d ./Middlewares/ST/STM32_USB_Device_Library/Class/CDC/Src/usbd_cdc.o
 .ARM.attributes
                0x0000033b       0x2d ./Middlewares/ST/STM32_USB_Device_Library/Core/Src/usbd_core.o
 .ARM.attributes
                0x00000368       0x2d ./Middlewares/ST/STM32_USB_Device_Library/Core/Src/usbd_ctlreq.o
 .ARM.attributes
                0x00000395       0x2d ./Middlewares/ST/STM32_USB_Device_Library/Core/Src/usbd_ioreq.o
 .ARM.attributes
                0x000003c2       0x2d ./USB_DEVICE/App/usb_device.o
 .ARM.attributes
                0x000003ef       0x2d ./USB_DEVICE/App/usbd_cdc_if.o
 .ARM.attributes
                0x0000041c       0x2d ./USB_DEVICE/App/usbd_desc.o
 .ARM.attributes
                0x00000449       0x2d ./USB_DEVICE/Target/usbd_conf.o
 .ARM.attributes
                0x00000476       0x2d C:/ST/STM32CubeIDE_1.15.1/STM32CubeIDE/plugins/com.st.stm32cube.ide.mcu.externaltools.gnu-tools-for-stm32.12.3.rel1.win32_1.0.100.202403111256/tools/bin/../lib/gcc/arm-none-eabi/12.3.1/../../../../arm-none-eabi/lib/thumb/v7-m/nofp\libc_nano.a(libc_a-memset.o)
 .ARM.attributes
                0x000004a3       0x2d C:/ST/STM32CubeIDE_1.15.1/STM32CubeIDE/plugins/com.st.stm32cube.ide.mcu.externaltools.gnu-tools-for-stm32.12.3.rel1.win32_1.0.100.202403111256/tools/bin/../lib/gcc/arm-none-eabi/12.3.1/../../../../arm-none-eabi/lib/thumb/v7-m/nofp\libc_nano.a(libc_a-init.o)
 .ARM.attributes
                0x000004d0       0x1d C:/ST/STM32CubeIDE_1.15.1/STM32CubeIDE/plugins/com.st.stm32cube.ide.mcu.externaltools.gnu-tools-for-stm32.12.3.rel1.win32_1.0.100.202403111256/tools/bin/../lib/gcc/arm-none-eabi/12.3.1/thumb/v7-m/nofp/crtn.o
OUTPUT(STM32F103C8T6_Bootloader.elf elf32-littlearm)
LOAD linker stubs
LOAD C:/ST/STM32CubeIDE_1.15.1/STM32CubeIDE/plugins/com.st.stm32cube.ide.mcu.externaltools.gnu-tools-for-stm32.12.3.rel1.win32_1.0.100.202403111256/tools/bin/../lib/gcc/arm-none-eabi/12.3.1/../../../../arm-none-eabi/lib/thumb/v7-m/nofp\libc.a
LOAD C:/ST/STM32CubeIDE_1.15.1/STM32CubeIDE/plugins/com.st.stm32cube.ide.mcu.externaltools.gnu-tools-for-stm32.12.3.rel1.win32_1.0.100.202403111256/tools/bin/../lib/gcc/arm-none-eabi/12.3.1/../../../../arm-none-eabi/lib/thumb/v7-m/nofp\libm.a
LOAD C:/ST/STM32CubeIDE_1.15.1/STM32CubeIDE/plugins/com.st.stm32cube.ide.mcu.externaltools.gnu-tools-for-stm32.12.3.rel1.win32_1.0.100.202403111256/tools/bin/../lib/gcc/arm-none-eabi/12.3.1/thumb/v7-m/nofp\libgcc.a

.debug_info     0x00000000    0x10593
 .debug_info    0x00000000     0x13cf ./Core/Src/bootloader.o
 .debug_info    0x000013cf      0x68f ./Core/Src/main.o
 .debug_info    0x00001a5e      0x1f8 ./Core/Src/stm32f1xx_hal_msp.o
 .debug_info    0x00001c56      0x64e ./Core/Src/stm32f1xx_it.o
 .debug_info    0x000022a4      0x231 ./Core/Src/system_stm32f1xx.o
 .debug_info    0x000024d5       0x30 ./Core/Startup/startup_stm32f103c8tx.o
 .debug_info    0x00002505      0x7a6 ./Drivers/STM32F1xx_HAL_Driver/Src/stm32f1xx_hal.o
 .debug_info    0x00002cab      0xcb1 ./Drivers/STM32F1xx_HAL_Driver/Src/stm32f1xx_hal_cortex.o
 .debug_info    0x0000395c      0x64a ./Drivers/STM32F1xx_HAL_Driver/Src/stm32f1xx_hal_flash.o
 .debug_info    0x00003fa6      0xa9c ./Drivers/STM32F1xx_HAL_Driver/Src/stm32f1xx_hal_flash_ex.o
 .debug_info    0x00004a42      0x608 ./Drivers/STM32F1xx_HAL_Driver/Src/stm32f1xx_hal_gpio.o
 .debug_info    0x0000504a     0x197c ./Drivers/STM32F1xx_HAL_Driver/Src/stm32f1xx_hal_pcd.o
 .debug_info    0x000069c6      0x706 ./Drivers/STM32F1xx_HAL_Driver/Src/stm32f1xx_hal_pcd_ex.o
 .debug_info    0x000070cc      0x9d6 ./Drivers/STM32F1xx_HAL_Driver/Src/stm32f1xx_hal_rcc.o
 .debug_info    0x00007aa2      0x414 ./Drivers/STM32F1xx_HAL_Driver/Src/stm32f1xx_hal_rcc_ex.o
 .debug_info    0x00007eb6     0x1a87 ./Drivers/STM32F1xx_HAL_Driver/Src/stm32f1xx_ll_usb.o
 .debug_info    0x0000993d     0x13eb ./Middlewares/ST/STM32_USB_Device_Library/Class/CDC/Src/usbd_cdc.o
 .debug_info    0x0000ad28      0xda6 ./Middlewares/ST/STM32_USB_Device_Library/Core/Src/usbd_core.o
 .debug_info    0x0000bace     0x1057 ./Middlewares/ST/STM32_USB_Device_Library/Core/Src/usbd_ctlreq.o
 .debug_info    0x0000cb25      0x7b5 ./Middlewares/ST/STM32_USB_Device_Library/Core/Src/usbd_ioreq.o
 .debug_info    0x0000d2da      0x6c3 ./USB_DEVICE/App/usb_device.o
 .debug_info    0x0000d99d      0x9fe ./USB_DEVICE/App/usbd_cdc_if.o
 .debug_info    0x0000e39b      0x5b7 ./USB_DEVICE/App/usbd_desc.o
 .debug_info    0x0000e952     0x1c41 ./USB_DEVICE/Target/usbd_conf.o

.debug_abbrev   0x00000000     0x34ef
 .debug_abbrev  0x00000000      0x344 ./Core/Src/bootloader.o
 .debug_abbrev  0x00000344      0x213 ./Core/Src/main.o
 .debug_abbrev  0x00000557       0xef ./Core/Src/stm32f1xx_hal_msp.o
 .debug_abbrev  0x00000646      0x19c ./Core/Src/stm32f1xx_it.o
 .debug_abbrev  0x000007e2      0x145 ./Core/Src/system_stm32f1xx.o
 .debug_abbrev  0x00000927       0x24 ./Core/Startup/startup_stm32f103c8tx.o
 .debug_abbrev  0x0000094b      0x22f ./Drivers/STM32F1xx_HAL_Driver/Src/stm32f1xx_hal.o
 .debug_abbrev  0x00000b7a      0x36f ./Drivers/STM32F1xx_HAL_Driver/Src/stm32f1xx_hal_cortex.o
 .debug_abbrev  0x00000ee9      0x253 ./Drivers/STM32F1xx_HAL_Driver/Src/stm32f1xx_hal_flash.o
 .debug_abbrev  0x0000113c      0x24a ./Drivers/STM32F1xx_HAL_Driver/Src/stm32f1xx_hal_flash_ex.o
 .debug_abbrev  0x00001386      0x1f9 ./Drivers/STM32F1xx_HAL_Driver/Src/stm32f1xx_hal_gpio.o
 .debug_abbrev  0x0000157f      0x300 ./Drivers/STM32F1xx_HAL_Driver/Src/stm32f1xx_hal_pcd.o
 .debug_abbrev  0x0000187f      0x1a0 ./Drivers/STM32F1xx_HAL_Driver/Src/stm32f1xx_hal_pcd_ex.o
 .debug_abbrev  0x00001a1f      0x2a0 ./Drivers/STM32F1xx_HAL_Driver/Src/stm32f1xx_hal_rcc.o
 .debug_abbrev  0x00001cbf      0x1da ./Drivers/STM32F1xx_HAL_Driver/Src/stm32f1xx_hal_rcc_ex.o
 .debug_abbrev  0x00001e99      0x22d ./Drivers/STM32F1xx_HAL_Driver/Src/stm32f1xx_ll_usb.o
 .debug_abbrev  0x000020c6      0x326 ./Middlewares/ST/STM32_USB_Device_Library/Class/CDC/Src/usbd_cdc.o
 .debug_abbrev  0x000023ec      0x28b ./Middlewares/ST/STM32_USB_Device_Library/Core/Src/usbd_core.o
 .debug_abbrev  0x00002677      0x2ed ./Middlewares/ST/STM32_USB_Device_Library/Core/Src/usbd_ctlreq.o
 .debug_abbrev  0x00002964      0x1aa ./Middlewares/ST/STM32_USB_Device_Library/Core/Src/usbd_ioreq.o
 .debug_abbrev  0x00002b0e      0x1aa ./USB_DEVICE/App/usb_device.o
 .debug_abbrev  0x00002cb8      0x2e4 ./USB_DEVICE/App/usbd_cdc_if.o
 .debug_abbrev  0x00002f9c      0x223 ./USB_DEVICE/App/usbd_desc.o
 .debug_abbrev  0x000031bf      0x330 ./USB_DEVICE/Target/usbd_conf.o

.debug_loclists
                0x00000000     0x57fe
 .debug_loclists
                0x00000000      0x1fe ./Core/Src/bootloader.o
 .debug_loclists
                0x000001fe       0x17 ./Core/Src/stm32f1xx_hal_msp.o
 .debug_loclists
                0x00000215       0xb4 ./Core/Src/system_stm32f1xx.o
 .debug_loclists
                0x000002c9       0xbf ./Drivers/STM32F1xx_HAL_Driver/Src/stm32f1xx_hal.o
 .debug_loclists
                0x00000388      0x422 ./Drivers/STM32F1xx_HAL_Driver/Src/stm32f1xx_hal_cortex.o
 .debug_loclists
                0x000007aa      0x257 ./Drivers/STM32F1xx_HAL_Driver/Src/stm32f1xx_hal_flash.o
 .debug_loclists
                0x00000a01      0x50e ./Drivers/STM32F1xx_HAL_Driver/Src/stm32f1xx_hal_flash_ex.o
 .debug_loclists
                0x00000f0f      0x2fd ./Drivers/STM32F1xx_HAL_Driver/Src/stm32f1xx_hal_gpio.o
 .debug_loclists
                0x0000120c      0xb78 ./Drivers/STM32F1xx_HAL_Driver/Src/stm32f1xx_hal_pcd.o
 .debug_loclists
                0x00001d84       0xc0 ./Drivers/STM32F1xx_HAL_Driver/Src/stm32f1xx_hal_pcd_ex.o
 .debug_loclists
                0x00001e44      0x410 ./Drivers/STM32F1xx_HAL_Driver/Src/stm32f1xx_hal_rcc.o
 .debug_loclists
                0x00002254      0x27d ./Drivers/STM32F1xx_HAL_Driver/Src/stm32f1xx_hal_rcc_ex.o
 .debug_loclists
                0x000024d1      0xf41 ./Drivers/STM32F1xx_HAL_Driver/Src/stm32f1xx_ll_usb.o
 .debug_loclists
                0x00003412      0x582 ./Middlewares/ST/STM32_USB_Device_Library/Class/CDC/Src/usbd_cdc.o
 .debug_loclists
                0x00003994      0x5e1 ./Middlewares/ST/STM32_USB_Device_Library/Core/Src/usbd_core.o
 .debug_loclists
                0x00003f75      0xced ./Middlewares/ST/STM32_USB_Device_Library/Core/Src/usbd_ctlreq.o
 .debug_loclists
                0x00004c62      0x198 ./Middlewares/ST/STM32_USB_Device_Library/Core/Src/usbd_ioreq.o
 .debug_loclists
                0x00004dfa       0xc8 ./USB_DEVICE/App/usbd_cdc_if.o
 .debug_loclists
                0x00004ec2      0x22d ./USB_DEVICE/App/usbd_desc.o
 .debug_loclists
                0x000050ef      0x70f ./USB_DEVICE/Target/usbd_conf.o

.debug_aranges  0x00000000      0xbb0
 .debug_aranges
                0x00000000       0x70 ./Core/Src/bootloader.o
 .debug_aranges
                0x00000070       0x38 ./Core/Src/main.o
 .debug_aranges
                0x000000a8       0x20 ./Core/Src/stm32f1xx_hal_msp.o
 .debug_aranges
                0x000000c8       0x68 ./Core/Src/stm32f1xx_it.o
 .debug_aranges
                0x00000130       0x28 ./Core/Src/system_stm32f1xx.o
 .debug_aranges
                0x00000158       0x28 ./Core/Startup/startup_stm32f103c8tx.o
 .debug_aranges
                0x00000180       0xe0 ./Drivers/STM32F1xx_HAL_Driver/Src/stm32f1xx_hal.o
 .debug_aranges
                0x00000260       0xc0 ./Drivers/STM32F1xx_HAL_Driver/Src/stm32f1xx_hal_cortex.o
 .debug_aranges
                0x00000320       0x88 ./Drivers/STM32F1xx_HAL_Driver/Src/stm32f1xx_hal_flash.o
 .debug_aranges
                0x000003a8       0x98 ./Drivers/STM32F1xx_HAL_Driver/Src/stm32f1xx_hal_flash_ex.o
 .debug_aranges
                0x00000440       0x58 ./Drivers/STM32F1xx_HAL_Driver/Src/stm32f1xx_hal_gpio.o
 .debug_aranges
                0x00000498      0x138 ./Drivers/STM32F1xx_HAL_Driver/Src/stm32f1xx_hal_pcd.o
 .debug_aranges
                0x000005d0       0x38 ./Drivers/STM32F1xx_HAL_Driver/Src/stm32f1xx_hal_pcd_ex.o
 .debug_aranges
                0x00000608       0x90 ./Drivers/STM32F1xx_HAL_Driver/Src/stm32f1xx_hal_rcc.o
 .debug_aranges
                0x00000698       0x30 ./Drivers/STM32F1xx_HAL_Driver/Src/stm32f1xx_hal_rcc_ex.o
 .debug_aranges
                0x000006c8       0xf0 ./Drivers/STM32F1xx_HAL_Driver/Src/stm32f1xx_ll_usb.o
 .debug_aranges
                0x000007b8       0x90 ./Middlewares/ST/STM32_USB_Device_Library/Class/CDC/Src/usbd_cdc.o
 .debug_aranges
                0x00000848       0xb8 ./Middlewares/ST/STM32_USB_Device_Library/Core/Src/usbd_core.o
 .debug_aranges
                0x00000900       0x88 ./Middlewares/ST/STM32_USB_Device_Library/Core/Src/usbd_ctlreq.o
 .debug_aranges
                0x00000988       0x50 ./Middlewares/ST/STM32_USB_Device_Library/Core/Src/usbd_ioreq.o
 .debug_aranges
                0x000009d8       0x20 ./USB_DEVICE/App/usb_device.o
 .debug_aranges
                0x000009f8       0x40 ./USB_DEVICE/App/usbd_cdc_if.o
 .debug_aranges
                0x00000a38       0x60 ./USB_DEVICE/App/usbd_desc.o
 .debug_aranges
                0x00000a98      0x118 ./USB_DEVICE/Target/usbd_conf.o

.debug_rnglists
                0x00000000      0xa6e
 .debug_rnglists
                0x00000000       0x87 ./Core/Src/bootloader.o
 .debug_rnglists
                0x00000087       0x26 ./Core/Src/main.o
 .debug_rnglists
                0x000000ad       0x13 ./Core/Src/stm32f1xx_hal_msp.o
 .debug_rnglists
                0x000000c0       0x49 ./Core/Src/stm32f1xx_it.o
 .debug_rnglists
                0x00000109       0x1a ./Core/Src/system_stm32f1xx.o
 .debug_rnglists
                0x00000123       0x19 ./Core/Startup/startup_stm32f103c8tx.o
 .debug_rnglists
                0x0000013c       0xa3 ./Drivers/STM32F1xx_HAL_Driver/Src/stm32f1xx_hal.o
 .debug_rnglists
                0x000001df       0x8b ./Drivers/STM32F1xx_HAL_Driver/Src/stm32f1xx_hal_cortex.o
 .debug_rnglists
                0x0000026a       0x66 ./Drivers/STM32F1xx_HAL_Driver/Src/stm32f1xx_hal_flash.o
 .debug_rnglists
                0x000002d0       0x71 ./Drivers/STM32F1xx_HAL_Driver/Src/stm32f1xx_hal_flash_ex.o
 .debug_rnglists
                0x00000341       0x3f ./Drivers/STM32F1xx_HAL_Driver/Src/stm32f1xx_hal_gpio.o
 .debug_rnglists
                0x00000380      0x14e ./Drivers/STM32F1xx_HAL_Driver/Src/stm32f1xx_hal_pcd.o
 .debug_rnglists
                0x000004ce       0x25 ./Drivers/STM32F1xx_HAL_Driver/Src/stm32f1xx_hal_pcd_ex.o
 .debug_rnglists
                0x000004f3       0x7f ./Drivers/STM32F1xx_HAL_Driver/Src/stm32f1xx_hal_rcc.o
 .debug_rnglists
                0x00000572       0x30 ./Drivers/STM32F1xx_HAL_Driver/Src/stm32f1xx_hal_rcc_ex.o
 .debug_rnglists
                0x000005a2      0x1f2 ./Drivers/STM32F1xx_HAL_Driver/Src/stm32f1xx_ll_usb.o
 .debug_rnglists
                0x00000794       0x69 ./Middlewares/ST/STM32_USB_Device_Library/Class/CDC/Src/usbd_cdc.o
 .debug_rnglists
                0x000007fd       0x87 ./Middlewares/ST/STM32_USB_Device_Library/Core/Src/usbd_core.o
 .debug_rnglists
                0x00000884       0x64 ./Middlewares/ST/STM32_USB_Device_Library/Core/Src/usbd_ctlreq.o
 .debug_rnglists
                0x000008e8       0x37 ./Middlewares/ST/STM32_USB_Device_Library/Core/Src/usbd_ioreq.o
 .debug_rnglists
                0x0000091f       0x13 ./USB_DEVICE/App/usb_device.o
 .debug_rnglists
                0x00000932       0x2b ./USB_DEVICE/App/usbd_cdc_if.o
 .debug_rnglists
                0x0000095d       0x43 ./USB_DEVICE/App/usbd_desc.o
 .debug_rnglists
                0x000009a0       0xce ./USB_DEVICE/Target/usbd_conf.o

.debug_macro    0x00000000    0x19793
 .debug_macro   0x00000000      0x364 ./Core/Src/bootloader.o
 .debug_macro   0x00000364      0xaa8 ./Core/Src/bootloader.o
 .debug_macro   0x00000e0c       0x3a ./Core/Src/bootloader.o
 .debug_macro   0x00000e46      0x215 ./Core/Src/bootloader.o
 .debug_macro   0x0000105b       0x2e ./Core/Src/bootloader.o
 .debug_macro   0x00001089       0x22 ./Core/Src/bootloader.o
 .debug_macro   0x000010ab       0x22 ./Core/Src/bootloader.o
 .debug_macro   0x000010cd       0x8e ./Core/Src/bootloader.o
 .debug_macro   0x0000115b       0x51 ./Core/Src/bootloader.o
 .debug_macro   0x000011ac      0x103 ./Core/Src/bootloader.o
 .debug_macro   0x000012af       0x6a ./Core/Src/bootloader.o
 .debug_macro   0x00001319      0x1df ./Core/Src/bootloader.o
 .debug_macro   0x000014f8       0x1c ./Core/Src/bootloader.o
 .debug_macro   0x00001514       0x22 ./Core/Src/bootloader.o
 .debug_macro   0x00001536       0xbd ./Core/Src/bootloader.o
 .debug_macro   0x000015f3      0xd23 ./Core/Src/bootloader.o
 .debug_macro   0x00002316     0xe097 ./Core/Src/bootloader.o
 .debug_macro   0x000103ad       0x43 ./Core/Src/bootloader.o
 .debug_macro   0x000103f0     0x3468 ./Core/Src/bootloader.o
 .debug_macro   0x00013858      0x189 ./Core/Src/bootloader.o
 .debug_macro   0x000139e1       0x5c ./Core/Src/bootloader.o
 .debug_macro   0x00013a3d      0x5be ./Core/Src/bootloader.o
 .debug_macro   0x00013ffb      0x289 ./Core/Src/bootloader.o
 .debug_macro   0x00014284      0x1cb ./Core/Src/bootloader.o
 .debug_macro   0x0001444f      0x114 ./Core/Src/bootloader.o
 .debug_macro   0x00014563      0x1b2 ./Core/Src/bootloader.o
 .debug_macro   0x00014715       0x27 ./Core/Src/bootloader.o
 .debug_macro   0x0001473c      0x136 ./Core/Src/bootloader.o
 .debug_macro   0x00014872      0x1bc ./Core/Src/bootloader.o
 .debug_macro   0x00014a2e       0x34 ./Core/Src/bootloader.o
 .debug_macro   0x00014a62       0x3c ./Core/Src/bootloader.o
 .debug_macro   0x00014a9e       0x57 ./Core/Src/bootloader.o
 .debug_macro   0x00014af5       0x88 ./Core/Src/bootloader.o
 .debug_macro   0x00014b7d      0x241 ./Core/Src/bootloader.o
 .debug_macro   0x00014dbe      0x141 ./Core/Src/bootloader.o
 .debug_macro   0x00014eff       0x65 ./Core/Src/bootloader.o
 .debug_macro   0x00014f64      0x249 ./Core/Src/bootloader.o
 .debug_macro   0x000151ad       0x83 ./Core/Src/bootloader.o
 .debug_macro   0x00015230       0x34 ./Core/Src/bootloader.o
 .debug_macro   0x00015264       0x61 ./Core/Src/bootloader.o
 .debug_macro   0x000152c5       0x24 ./Core/Src/bootloader.o
 .debug_macro   0x000152e9       0x43 ./Core/Src/bootloader.o
 .debug_macro   0x0001532c       0x34 ./Core/Src/bootloader.o
 .debug_macro   0x00015360       0x16 ./Core/Src/bootloader.o
 .debug_macro   0x00015376       0x35 ./Core/Src/bootloader.o
 .debug_macro   0x000153ab      0x369 ./Core/Src/bootloader.o
 .debug_macro   0x00015714       0x10 ./Core/Src/bootloader.o
 .debug_macro   0x00015724       0x16 ./Core/Src/bootloader.o
 .debug_macro   0x0001573a       0x43 ./Core/Src/bootloader.o
 .debug_macro   0x0001577d       0x34 ./Core/Src/bootloader.o
 .debug_macro   0x000157b1       0x10 ./Core/Src/bootloader.o
 .debug_macro   0x000157c1       0x58 ./Core/Src/bootloader.o
 .debug_macro   0x00015819       0x8e ./Core/Src/bootloader.o
 .debug_macro   0x000158a7       0x1c ./Core/Src/bootloader.o
 .debug_macro   0x000158c3      0x177 ./Core/Src/bootloader.o
 .debug_macro   0x00015a3a       0x16 ./Core/Src/bootloader.o
 .debug_macro   0x00015a50       0x16 ./Core/Src/bootloader.o
 .debug_macro   0x00015a66      0x146 ./Core/Src/bootloader.o
 .debug_macro   0x00015bac       0x16 ./Core/Src/bootloader.o
 .debug_macro   0x00015bc2       0x16 ./Core/Src/bootloader.o
 .debug_macro   0x00015bd8       0x29 ./Core/Src/bootloader.o
 .debug_macro   0x00015c01       0x16 ./Core/Src/bootloader.o
 .debug_macro   0x00015c17       0x20 ./Core/Src/bootloader.o
 .debug_macro   0x00015c37       0x60 ./Core/Src/bootloader.o
 .debug_macro   0x00015c97      0x1c8 ./Core/Src/bootloader.o
 .debug_macro   0x00015e5f       0x8f ./Core/Src/bootloader.o
 .debug_macro   0x00015eee       0x10 ./Core/Src/bootloader.o
 .debug_macro   0x00015efe      0x372 ./Core/Src/main.o
 .debug_macro   0x00016270      0x1b7 ./Core/Src/stm32f1xx_hal_msp.o
 .debug_macro   0x00016427      0x1c1 ./Core/Src/stm32f1xx_it.o
 .debug_macro   0x000165e8      0x1a8 ./Core/Src/system_stm32f1xx.o
 .debug_macro   0x00016790      0x1cc ./Drivers/STM32F1xx_HAL_Driver/Src/stm32f1xx_hal.o
 .debug_macro   0x0001695c      0x1a8 ./Drivers/STM32F1xx_HAL_Driver/Src/stm32f1xx_hal_cortex.o
 .debug_macro   0x00016b04      0x1a8 ./Drivers/STM32F1xx_HAL_Driver/Src/stm32f1xx_hal_flash.o
 .debug_macro   0x00016cac      0x1ba ./Drivers/STM32F1xx_HAL_Driver/Src/stm32f1xx_hal_flash_ex.o
 .debug_macro   0x00016e66      0x213 ./Drivers/STM32F1xx_HAL_Driver/Src/stm32f1xx_hal_gpio.o
 .debug_macro   0x00017079      0x1b4 ./Drivers/STM32F1xx_HAL_Driver/Src/stm32f1xx_hal_pcd.o
 .debug_macro   0x0001722d      0x1a8 ./Drivers/STM32F1xx_HAL_Driver/Src/stm32f1xx_hal_pcd_ex.o
 .debug_macro   0x000173d5      0x1ba ./Drivers/STM32F1xx_HAL_Driver/Src/stm32f1xx_hal_rcc.o
 .debug_macro   0x0001758f      0x1a8 ./Drivers/STM32F1xx_HAL_Driver/Src/stm32f1xx_hal_rcc_ex.o
 .debug_macro   0x00017737      0x1a8 ./Drivers/STM32F1xx_HAL_Driver/Src/stm32f1xx_ll_usb.o
 .debug_macro   0x000178df      0x346 ./Middlewares/ST/STM32_USB_Device_Library/Class/CDC/Src/usbd_cdc.o
 .debug_macro   0x00017c25       0x9e ./Middlewares/ST/STM32_USB_Device_Library/Class/CDC/Src/usbd_cdc.o
 .debug_macro   0x00017cc3      0x10b ./Middlewares/ST/STM32_USB_Device_Library/Class/CDC/Src/usbd_cdc.o
 .debug_macro   0x00017dce       0x56 ./Middlewares/ST/STM32_USB_Device_Library/Class/CDC/Src/usbd_cdc.o
 .debug_macro   0x00017e24      0x32d ./Middlewares/ST/STM32_USB_Device_Library/Core/Src/usbd_core.o
 .debug_macro   0x00018151      0x1ce ./Middlewares/ST/STM32_USB_Device_Library/Core/Src/usbd_core.o
 .debug_macro   0x0001831f      0x337 ./Middlewares/ST/STM32_USB_Device_Library/Core/Src/usbd_ctlreq.o
 .debug_macro   0x00018656      0x333 ./Middlewares/ST/STM32_USB_Device_Library/Core/Src/usbd_ioreq.o
 .debug_macro   0x00018989      0x366 ./USB_DEVICE/App/usb_device.o
 .debug_macro   0x00018cef       0x3a ./USB_DEVICE/App/usb_device.o
 .debug_macro   0x00018d29       0x22 ./USB_DEVICE/App/usb_device.o
 .debug_macro   0x00018d4b       0x16 ./USB_DEVICE/App/usb_device.o
 .debug_macro   0x00018d61      0x362 ./USB_DEVICE/App/usbd_cdc_if.o
 .debug_macro   0x000190c3      0x36a ./USB_DEVICE/App/usbd_desc.o
 .debug_macro   0x0001942d       0x1c ./USB_DEVICE/App/usbd_desc.o
 .debug_macro   0x00019449      0x34a ./USB_DEVICE/Target/usbd_conf.o

.debug_line     0x00000000    0x13299
 .debug_line    0x00000000      0xfcf ./Core/Src/bootloader.o
 .debug_line    0x00000fcf      0xb33 ./Core/Src/main.o
 .debug_line    0x00001b02      0x714 ./Core/Src/stm32f1xx_hal_msp.o
 .debug_line    0x00002216      0x809 ./Core/Src/stm32f1xx_it.o
 .debug_line    0x00002a1f      0x7ae ./Core/Src/system_stm32f1xx.o
 .debug_line    0x000031cd       0x76 ./Core/Startup/startup_stm32f103c8tx.o
 .debug_line    0x00003243      0xa27 ./Drivers/STM32F1xx_HAL_Driver/Src/stm32f1xx_hal.o
 .debug_line    0x00003c6a      0xc2b ./Drivers/STM32F1xx_HAL_Driver/Src/stm32f1xx_hal_cortex.o
 .debug_line    0x00004895      0xc82 ./Drivers/STM32F1xx_HAL_Driver/Src/stm32f1xx_hal_flash.o
 .debug_line    0x00005517      0xe33 ./Drivers/STM32F1xx_HAL_Driver/Src/stm32f1xx_hal_flash_ex.o
 .debug_line    0x0000634a      0xae9 ./Drivers/STM32F1xx_HAL_Driver/Src/stm32f1xx_hal_gpio.o
 .debug_line    0x00006e33     0x1b9f ./Drivers/STM32F1xx_HAL_Driver/Src/stm32f1xx_hal_pcd.o
 .debug_line    0x000089d2      0x7bb ./Drivers/STM32F1xx_HAL_Driver/Src/stm32f1xx_hal_pcd_ex.o
 .debug_line    0x0000918d     0x10f9 ./Drivers/STM32F1xx_HAL_Driver/Src/stm32f1xx_hal_rcc.o
 .debug_line    0x0000a286      0x997 ./Drivers/STM32F1xx_HAL_Driver/Src/stm32f1xx_hal_rcc_ex.o
 .debug_line    0x0000ac1d     0x1de2 ./Drivers/STM32F1xx_HAL_Driver/Src/stm32f1xx_ll_usb.o
 .debug_line    0x0000c9ff      0xe9f ./Middlewares/ST/STM32_USB_Device_Library/Class/CDC/Src/usbd_cdc.o
 .debug_line    0x0000d89e      0xecf ./Middlewares/ST/STM32_USB_Device_Library/Core/Src/usbd_core.o
 .debug_line    0x0000e76d     0x12c8 ./Middlewares/ST/STM32_USB_Device_Library/Core/Src/usbd_ctlreq.o
 .debug_line    0x0000fa35      0xa67 ./Middlewares/ST/STM32_USB_Device_Library/Core/Src/usbd_ioreq.o
 .debug_line    0x0001049c      0x9ec ./USB_DEVICE/App/usb_device.o
 .debug_line    0x00010e88      0xa57 ./USB_DEVICE/App/usbd_cdc_if.o
 .debug_line    0x000118df      0xb27 ./USB_DEVICE/App/usbd_desc.o
 .debug_line    0x00012406      0xe93 ./USB_DEVICE/Target/usbd_conf.o

.debug_str      0x00000000    0x8484c
 .debug_str     0x00000000    0x81a6a ./Core/Src/bootloader.o
                              0x81eae (size before relaxing)
 .debug_str     0x00081a6a      0x283 ./Core/Src/main.o
                              0x81a57 (size before relaxing)
 .debug_str     0x00081ced       0x5a ./Core/Src/stm32f1xx_hal_msp.o
                              0x7d149 (size before relaxing)
 .debug_str     0x00081d47      0x3ee ./Core/Src/stm32f1xx_it.o
                              0x7d51d (size before relaxing)
 .debug_str     0x00082135       0x7e ./Core/Src/system_stm32f1xx.o
                              0x7d0c4 (size before relaxing)
 .debug_str     0x000821b3       0x44 ./Core/Startup/startup_stm32f103c8tx.o
                                 0x94 (size before relaxing)
 .debug_str     0x000821f7      0x5e4 ./Drivers/STM32F1xx_HAL_Driver/Src/stm32f1xx_hal.o
                              0x7d7f7 (size before relaxing)
 .debug_str     0x000827db      0x293 ./Drivers/STM32F1xx_HAL_Driver/Src/stm32f1xx_hal_cortex.o
                              0x7d743 (size before relaxing)
 .debug_str     0x00082a6e      0x23b ./Drivers/STM32F1xx_HAL_Driver/Src/stm32f1xx_hal_flash.o
                              0x7d39f (size before relaxing)
 .debug_str     0x00082ca9      0x302 ./Drivers/STM32F1xx_HAL_Driver/Src/stm32f1xx_hal_flash_ex.o
                              0x7d54d (size before relaxing)
 .debug_str     0x00082fab      0x2d5 ./Drivers/STM32F1xx_HAL_Driver/Src/stm32f1xx_hal_gpio.o
                              0x7d44a (size before relaxing)
 .debug_str     0x00083280      0x573 ./Drivers/STM32F1xx_HAL_Driver/Src/stm32f1xx_hal_pcd.o
                              0x7d99c (size before relaxing)
 .debug_str     0x000837f3      0x170 ./Drivers/STM32F1xx_HAL_Driver/Src/stm32f1xx_hal_pcd_ex.o
                              0x7d538 (size before relaxing)
 .debug_str     0x00083963      0x21a ./Drivers/STM32F1xx_HAL_Driver/Src/stm32f1xx_hal_rcc.o
                              0x7d4f3 (size before relaxing)
 .debug_str     0x00083b7d       0x9f ./Drivers/STM32F1xx_HAL_Driver/Src/stm32f1xx_hal_rcc_ex.o
                              0x7d243 (size before relaxing)
 .debug_str     0x00083c1c      0x129 ./Drivers/STM32F1xx_HAL_Driver/Src/stm32f1xx_ll_usb.o
                              0x7d56b (size before relaxing)
 .debug_str     0x00083d45      0x325 ./Middlewares/ST/STM32_USB_Device_Library/Class/CDC/Src/usbd_cdc.o
                              0x82032 (size before relaxing)
 .debug_str     0x0008406a      0x275 ./Middlewares/ST/STM32_USB_Device_Library/Core/Src/usbd_core.o
                              0x8196d (size before relaxing)
 .debug_str     0x000842df      0x120 ./Middlewares/ST/STM32_USB_Device_Library/Core/Src/usbd_ctlreq.o
                              0x81887 (size before relaxing)
 .debug_str     0x000843ff       0x51 ./Middlewares/ST/STM32_USB_Device_Library/Core/Src/usbd_ioreq.o
                              0x817b4 (size before relaxing)
 .debug_str     0x00084450       0xb9 ./USB_DEVICE/App/usb_device.o
                              0x81b3f (size before relaxing)
 .debug_str     0x00084509       0x7d ./USB_DEVICE/App/usbd_cdc_if.o
                              0x81cec (size before relaxing)
 .debug_str     0x00084586      0x24e ./USB_DEVICE/App/usbd_desc.o
                              0x816e6 (size before relaxing)
 .debug_str     0x000847d4       0x78 ./USB_DEVICE/Target/usbd_conf.o
                              0x825bf (size before relaxing)

.comment        0x00000000       0x43
 .comment       0x00000000       0x43 ./Core/Src/bootloader.o
                                 0x44 (size before relaxing)
 .comment       0x00000043       0x44 ./Core/Src/main.o
 .comment       0x00000043       0x44 ./Core/Src/stm32f1xx_hal_msp.o
 .comment       0x00000043       0x44 ./Core/Src/stm32f1xx_it.o
 .comment       0x00000043       0x44 ./Core/Src/system_stm32f1xx.o
 .comment       0x00000043       0x44 ./Drivers/STM32F1xx_HAL_Driver/Src/stm32f1xx_hal.o
 .comment       0x00000043       0x44 ./Drivers/STM32F1xx_HAL_Driver/Src/stm32f1xx_hal_cortex.o
 .comment       0x00000043       0x44 ./Drivers/STM32F1xx_HAL_Driver/Src/stm32f1xx_hal_flash.o
 .comment       0x00000043       0x44 ./Drivers/STM32F1xx_HAL_Driver/Src/stm32f1xx_hal_flash_ex.o
 .comment       0x00000043       0x44 ./Drivers/STM32F1xx_HAL_Driver/Src/stm32f1xx_hal_gpio.o
 .comment       0x00000043       0x44 ./Drivers/STM32F1xx_HAL_Driver/Src/stm32f1xx_hal_pcd.o
 .comment       0x00000043       0x44 ./Drivers/STM32F1xx_HAL_Driver/Src/stm32f1xx_hal_pcd_ex.o
 .comment       0x00000043       0x44 ./Drivers/STM32F1xx_HAL_Driver/Src/stm32f1xx_hal_rcc.o
 .comment       0x00000043       0x44 ./Drivers/STM32F1xx_HAL_Driver/Src/stm32f1xx_hal_rcc_ex.o
 .comment       0x00000043       0x44 ./Drivers/STM32F1xx_HAL_Driver/Src/stm32f1xx_ll_usb.o
 .comment       0x00000043       0x44 ./Middlewares/ST/STM32_USB_Device_Library/Class/CDC/Src/usbd_cdc.o
 .comment       0x00000043       0x44 ./Middlewares/ST/STM32_USB_Device_Library/Core/Src/usbd_core.o
 .comment       0x00000043       0x44 ./Middlewares/ST/STM32_USB_Device_Library/Core/Src/usbd_ctlreq.o
 .comment       0x00000043       0x44 ./Middlewares/ST/STM32_USB_Device_Library/Core/Src/usbd_ioreq.o
 .comment       0x00000043       0x44 ./USB_DEVICE/App/usb_device.o
 .comment       0x00000043       0x44 ./USB_DEVICE/App/usbd_cdc_if.o
 .comment       0x00000043       0x44 ./USB_DEVICE/App/usbd_desc.o
 .comment       0x00000043       0x44 ./USB_DEVICE/Target/usbd_conf.o

.debug_frame    0x00000000     0x1b64
 .debug_frame   0x00000000      0x134 ./Core/Src/bootloader.o
 .debug_frame   0x00000134       0x80 ./Core/Src/main.o
 .debug_frame   0x000001b4       0x28 ./Core/Src/stm32f1xx_hal_msp.o
 .debug_frame   0x000001dc       0xc0 ./Core/Src/stm32f1xx_it.o
 .debug_frame   0x0000029c       0x30 ./Core/Src/system_stm32f1xx.o
 .debug_frame   0x000002cc      0x1cc ./Drivers/STM32F1xx_HAL_Driver/Src/stm32f1xx_hal.o
 .debug_frame   0x00000498      0x19c ./Drivers/STM32F1xx_HAL_Driver/Src/stm32f1xx_hal_cortex.o
 .debug_frame   0x00000634      0x130 ./Drivers/STM32F1xx_HAL_Driver/Src/stm32f1xx_hal_flash.o
 .debug_frame   0x00000764      0x194 ./Drivers/STM32F1xx_HAL_Driver/Src/stm32f1xx_hal_flash_ex.o
 .debug_frame   0x000008f8       0xe4 ./Drivers/STM32F1xx_HAL_Driver/Src/stm32f1xx_hal_gpio.o
 .debug_frame   0x000009dc      0x344 ./Drivers/STM32F1xx_HAL_Driver/Src/stm32f1xx_hal_pcd.o
 .debug_frame   0x00000d20       0x50 ./Drivers/STM32F1xx_HAL_Driver/Src/stm32f1xx_hal_pcd_ex.o
 .debug_frame   0x00000d70      0x190 ./Drivers/STM32F1xx_HAL_Driver/Src/stm32f1xx_hal_rcc.o
 .debug_frame   0x00000f00       0x64 ./Drivers/STM32F1xx_HAL_Driver/Src/stm32f1xx_hal_rcc_ex.o
 .debug_frame   0x00000f64      0x1f0 ./Drivers/STM32F1xx_HAL_Driver/Src/stm32f1xx_ll_usb.o
 .debug_frame   0x00001154      0x160 ./Middlewares/ST/STM32_USB_Device_Library/Class/CDC/Src/usbd_cdc.o
 .debug_frame   0x000012b4      0x1c4 ./Middlewares/ST/STM32_USB_Device_Library/Core/Src/usbd_core.o
 .debug_frame   0x00001478      0x178 ./Middlewares/ST/STM32_USB_Device_Library/Core/Src/usbd_ctlreq.o
 .debug_frame   0x000015f0       0xb8 ./Middlewares/ST/STM32_USB_Device_Library/Core/Src/usbd_ioreq.o
 .debug_frame   0x000016a8       0x28 ./USB_DEVICE/App/usb_device.o
 .debug_frame   0x000016d0       0x7c ./USB_DEVICE/App/usbd_cdc_if.o
 .debug_frame   0x0000174c       0xe0 ./USB_DEVICE/App/usbd_desc.o
 .debug_frame   0x0000182c      0x2ec ./USB_DEVICE/Target/usbd_conf.o
 .debug_frame   0x00001b18       0x20 C:/ST/STM32CubeIDE_1.15.1/STM32CubeIDE/plugins/com.st.stm32cube.ide.mcu.externaltools.gnu-tools-for-stm32.12.3.rel1.win32_1.0.100.202403111256/tools/bin/../lib/gcc/arm-none-eabi/12.3.1/../../../../arm-none-eabi/lib/thumb/v7-m/nofp\libc_nano.a(libc_a-memset.o)
 .debug_frame   0x00001b38       0x2c C:/ST/STM32CubeIDE_1.15.1/STM32CubeIDE/plugins/com.st.stm32cube.ide.mcu.externaltools.gnu-tools-for-stm32.12.3.rel1.win32_1.0.100.202403111256/tools/bin/../lib/gcc/arm-none-eabi/12.3.1/../../../../arm-none-eabi/lib/thumb/v7-m/nofp\libc_nano.a(libc_a-init.o)

.debug_line_str
                0x00000000       0x78
 .debug_line_str
                0x00000000       0x78 ./Core/Startup/startup_stm32f103c8tx.o
